<?xml version="1.0" encoding="ISO-8859-1" ?>
<link_info>
   <banner>TI ARM Linker PC v18.1.2.LTS</banner>
   <copyright>Copyright (c) 1996-2017 Texas Instruments Incorporated</copyright>
   <link_time>0x5b7f348c</link_time>
   <link_errors>0x0</link_errors>
   <output_file>EECS_388_Base_Project_Fa18.out</output_file>
   <entry_point>
      <name>_c_int00_noargs</name>
      <address>0x56e5</address>
   </entry_point>
   <input_file_list>
      <input_file id="fl-2">
         <path>.\</path>
         <kind>object</kind>
         <file>EECS_388_Program_Base_Fa18.obj</file>
         <name>EECS_388_Program_Base_Fa18.obj</name>
      </input_file>
      <input_file id="fl-3">
         <path>.\</path>
         <kind>object</kind>
         <file>TM4C_Base_Fa18_Startup.obj</file>
         <name>TM4C_Base_Fa18_Startup.obj</name>
      </input_file>
      <input_file id="fl-4">
         <path>.\</path>
         <kind>object</kind>
         <file>heap_2.obj</file>
         <name>heap_2.obj</name>
      </input_file>
      <input_file id="fl-5">
         <path>.\Drivers\</path>
         <kind>object</kind>
         <file>Processor_Initialization_TM4C1294.obj</file>
         <name>Processor_Initialization_TM4C1294.obj</name>
      </input_file>
      <input_file id="fl-6">
         <path>.\Drivers\</path>
         <kind>object</kind>
         <file>UARTStdio_Initialization_TM4C1294.obj</file>
         <name>UARTStdio_Initialization_TM4C1294.obj</name>
      </input_file>
      <input_file id="fl-7">
         <path>.\Drivers\</path>
         <kind>object</kind>
         <file>uartstdio.obj</file>
         <name>uartstdio.obj</name>
      </input_file>
      <input_file id="fl-8">
         <path>.\Source\</path>
         <kind>object</kind>
         <file>croutine.obj</file>
         <name>croutine.obj</name>
      </input_file>
      <input_file id="fl-9">
         <path>.\Source\</path>
         <kind>object</kind>
         <file>event_groups.obj</file>
         <name>event_groups.obj</name>
      </input_file>
      <input_file id="fl-a">
         <path>.\Source\</path>
         <kind>object</kind>
         <file>list.obj</file>
         <name>list.obj</name>
      </input_file>
      <input_file id="fl-b">
         <path>.\Source\</path>
         <kind>object</kind>
         <file>queue.obj</file>
         <name>queue.obj</name>
      </input_file>
      <input_file id="fl-c">
         <path>.\Source\</path>
         <kind>object</kind>
         <file>tasks.obj</file>
         <name>tasks.obj</name>
      </input_file>
      <input_file id="fl-d">
         <path>.\Source\</path>
         <kind>object</kind>
         <file>timers.obj</file>
         <name>timers.obj</name>
      </input_file>
      <input_file id="fl-e">
         <path>.\Source\portable\CCS\ARM_CM4F\</path>
         <kind>object</kind>
         <file>port.obj</file>
         <name>port.obj</name>
      </input_file>
      <input_file id="fl-f">
         <path>.\Source\portable\CCS\ARM_CM4F\</path>
         <kind>object</kind>
         <file>portasm.obj</file>
         <name>portasm.obj</name>
      </input_file>
      <input_file id="fl-10">
         <path>.\Tasks\</path>
         <kind>object</kind>
         <file>Float_to_Int32.obj</file>
         <name>Float_to_Int32.obj</name>
      </input_file>
      <input_file id="fl-11">
         <path>.\Tasks\</path>
         <kind>object</kind>
         <file>Task_Blinky_PortN_1.obj</file>
         <name>Task_Blinky_PortN_1.obj</name>
      </input_file>
      <input_file id="fl-12">
         <path>.\Tasks\</path>
         <kind>object</kind>
         <file>Task_ReportData.obj</file>
         <name>Task_ReportData.obj</name>
      </input_file>
      <input_file id="fl-13">
         <path>.\Tasks\</path>
         <kind>object</kind>
         <file>Task_ReportTime.obj</file>
         <name>Task_ReportTime.obj</name>
      </input_file>
      <input_file id="fl-19">
         <kind>object</kind>
         <file>&lt;internal&gt;</file>
         <name>&lt;internal&gt;</name>
      </input_file>
      <input_file id="fl-cf">
         <path>C:\TI_CodeComposer\ccsv8\tools\compiler\ti-cgt-arm_18.1.2.LTS\lib\</path>
         <kind>archive</kind>
         <file>rtsv7M4_T_le_v4SPD16_eabi.lib</file>
         <name>u_divt2.asm.obj</name>
      </input_file>
      <input_file id="fl-d0">
         <path>C:\TI_CodeComposer\ccsv8\tools\compiler\ti-cgt-arm_18.1.2.LTS\lib\</path>
         <kind>archive</kind>
         <file>rtsv7M4_T_le_v4SPD16_eabi.lib</file>
         <name>memset_t2.asm.obj</name>
      </input_file>
      <input_file id="fl-d1">
         <path>C:\TI_CodeComposer\ccsv8\tools\compiler\ti-cgt-arm_18.1.2.LTS\lib\</path>
         <kind>archive</kind>
         <file>rtsv7M4_T_le_v4SPD16_eabi.lib</file>
         <name>fs_tod_t2.asm.obj</name>
      </input_file>
      <input_file id="fl-d2">
         <path>C:\TI_CodeComposer\ccsv8\tools\compiler\ti-cgt-arm_18.1.2.LTS\lib\</path>
         <kind>archive</kind>
         <file>rtsv7M4_T_le_v4SPD16_eabi.lib</file>
         <name>memcpy_t2.asm.obj</name>
      </input_file>
      <input_file id="fl-d3">
         <path>C:\TI_CodeComposer\ccsv8\tools\compiler\ti-cgt-arm_18.1.2.LTS\lib\</path>
         <kind>archive</kind>
         <file>rtsv7M4_T_le_v4SPD16_eabi.lib</file>
         <name>copy_zero_init.c.obj</name>
      </input_file>
      <input_file id="fl-d4">
         <path>C:\TI_CodeComposer\ccsv8\tools\compiler\ti-cgt-arm_18.1.2.LTS\lib\</path>
         <kind>archive</kind>
         <file>rtsv7M4_T_le_v4SPD16_eabi.lib</file>
         <name>copy_decompress_none.c.obj</name>
      </input_file>
      <input_file id="fl-d5">
         <path>C:\TI_CodeComposer\ccsv8\tools\compiler\ti-cgt-arm_18.1.2.LTS\lib\</path>
         <kind>archive</kind>
         <file>rtsv7M4_T_le_v4SPD16_eabi.lib</file>
         <name>copy_decompress_lzss.c.obj</name>
      </input_file>
      <input_file id="fl-d6">
         <path>C:\TI_CodeComposer\ccsv8\tools\compiler\ti-cgt-arm_18.1.2.LTS\lib\</path>
         <kind>archive</kind>
         <file>rtsv7M4_T_le_v4SPD16_eabi.lib</file>
         <name>boot_cortex_m.c.obj</name>
      </input_file>
      <input_file id="fl-d7">
         <path>C:\TI_CodeComposer\ccsv8\tools\compiler\ti-cgt-arm_18.1.2.LTS\lib\</path>
         <kind>archive</kind>
         <file>rtsv7M4_T_le_v4SPD16_eabi.lib</file>
         <name>exit.c.obj</name>
      </input_file>
      <input_file id="fl-d8">
         <path>C:\TI_CodeComposer\ccsv8\tools\compiler\ti-cgt-arm_18.1.2.LTS\lib\</path>
         <kind>archive</kind>
         <file>rtsv7M4_T_le_v4SPD16_eabi.lib</file>
         <name>_lock.c.obj</name>
      </input_file>
      <input_file id="fl-d9">
         <path>C:\TI_CodeComposer\ccsv8\tools\compiler\ti-cgt-arm_18.1.2.LTS\lib\</path>
         <kind>archive</kind>
         <file>rtsv7M4_T_le_v4SPD16_eabi.lib</file>
         <name>args_main.c.obj</name>
      </input_file>
      <input_file id="fl-da">
         <path>C:\TI_CodeComposer\ccsv8\tools\compiler\ti-cgt-arm_18.1.2.LTS\lib\</path>
         <kind>archive</kind>
         <file>rtsv7M4_T_le_v4SPD16_eabi.lib</file>
         <name>sprintf.c.obj</name>
      </input_file>
      <input_file id="fl-db">
         <path>C:\TI_CodeComposer\ccsv8\tools\compiler\ti-cgt-arm_18.1.2.LTS\lib\</path>
         <kind>archive</kind>
         <file>rtsv7M4_T_le_v4SPD16_eabi.lib</file>
         <name>div0.asm.obj</name>
      </input_file>
      <input_file id="fl-dc">
         <path>C:\TI_CodeComposer\ccsv8\tools\compiler\ti-cgt-arm_18.1.2.LTS\lib\</path>
         <kind>archive</kind>
         <file>rtsv7M4_T_le_v4SPD16_eabi.lib</file>
         <name>autoinit.c.obj</name>
      </input_file>
      <input_file id="fl-dd">
         <path>C:\TI_CodeComposer\ccsv8\tools\compiler\ti-cgt-arm_18.1.2.LTS\lib\</path>
         <kind>archive</kind>
         <file>rtsv7M4_T_le_v4SPD16_eabi.lib</file>
         <name>pre_init.c.obj</name>
      </input_file>
      <input_file id="fl-de">
         <path>C:\TI_CodeComposer\ccsv8\tools\compiler\ti-cgt-arm_18.1.2.LTS\lib\</path>
         <kind>archive</kind>
         <file>rtsv7M4_T_le_v4SPD16_eabi.lib</file>
         <name>cpy_tbl.c.obj</name>
      </input_file>
      <input_file id="fl-df">
         <path>C:\TI_CodeComposer\ccsv8\tools\compiler\ti-cgt-arm_18.1.2.LTS\lib\</path>
         <kind>archive</kind>
         <file>rtsv7M4_T_le_v4SPD16_eabi.lib</file>
         <name>_printfi.c.obj</name>
      </input_file>
      <input_file id="fl-e0">
         <path>C:\TI_CodeComposer\ccsv8\tools\compiler\ti-cgt-arm_18.1.2.LTS\lib\</path>
         <kind>archive</kind>
         <file>rtsv7M4_T_le_v4SPD16_eabi.lib</file>
         <name>atoi.c.obj</name>
      </input_file>
      <input_file id="fl-e1">
         <path>C:\TI_CodeComposer\ccsv8\tools\compiler\ti-cgt-arm_18.1.2.LTS\lib\</path>
         <kind>archive</kind>
         <file>rtsv7M4_T_le_v4SPD16_eabi.lib</file>
         <name>ctype.c.obj</name>
      </input_file>
      <input_file id="fl-e2">
         <path>C:\TI_CodeComposer\ccsv8\tools\compiler\ti-cgt-arm_18.1.2.LTS\lib\</path>
         <kind>archive</kind>
         <file>rtsv7M4_T_le_v4SPD16_eabi.lib</file>
         <name>ltoa.c.obj</name>
      </input_file>
      <input_file id="fl-e3">
         <path>C:\TI_CodeComposer\ccsv8\tools\compiler\ti-cgt-arm_18.1.2.LTS\lib\</path>
         <kind>archive</kind>
         <file>rtsv7M4_T_le_v4SPD16_eabi.lib</file>
         <name>memccpy.c.obj</name>
      </input_file>
      <input_file id="fl-e4">
         <path>C:\TI_CodeComposer\ccsv8\tools\compiler\ti-cgt-arm_18.1.2.LTS\lib\</path>
         <kind>archive</kind>
         <file>rtsv7M4_T_le_v4SPD16_eabi.lib</file>
         <name>strchr.c.obj</name>
      </input_file>
      <input_file id="fl-e5">
         <path>C:\TI_CodeComposer\ccsv8\tools\compiler\ti-cgt-arm_18.1.2.LTS\lib\</path>
         <kind>archive</kind>
         <file>rtsv7M4_T_le_v4SPD16_eabi.lib</file>
         <name>strlen.c.obj</name>
      </input_file>
      <input_file id="fl-e6">
         <path>C:\TI_CodeComposer\ccsv8\tools\compiler\ti-cgt-arm_18.1.2.LTS\lib\</path>
         <kind>archive</kind>
         <file>rtsv7M4_T_le_v4SPD16_eabi.lib</file>
         <name>s_frexp.c.obj</name>
      </input_file>
      <input_file id="fl-e7">
         <path>C:\TI_CodeComposer\ccsv8\tools\compiler\ti-cgt-arm_18.1.2.LTS\lib\</path>
         <kind>archive</kind>
         <file>rtsv7M4_T_le_v4SPD16_eabi.lib</file>
         <name>s_scalbn.c.obj</name>
      </input_file>
      <input_file id="fl-e8">
         <path>C:\TI_CodeComposer\ccsv8\tools\compiler\ti-cgt-arm_18.1.2.LTS\lib\</path>
         <kind>archive</kind>
         <file>rtsv7M4_T_le_v4SPD16_eabi.lib</file>
         <name>s_copysign.c.obj</name>
      </input_file>
      <input_file id="fl-e9">
         <path>C:\TI_CodeComposer\ccsv8\tools\compiler\ti-cgt-arm_18.1.2.LTS\lib\</path>
         <kind>archive</kind>
         <file>rtsv7M4_T_le_v4SPD16_eabi.lib</file>
         <name>wcslen.c.obj</name>
      </input_file>
      <input_file id="fl-ea">
         <path>C:\TI_CodeComposer\ccsv8\tools\compiler\ti-cgt-arm_18.1.2.LTS\lib\</path>
         <kind>archive</kind>
         <file>rtsv7M4_T_le_v4SPD16_eabi.lib</file>
         <name>fd_add_t2.asm.obj</name>
      </input_file>
      <input_file id="fl-eb">
         <path>C:\TI_CodeComposer\ccsv8\tools\compiler\ti-cgt-arm_18.1.2.LTS\lib\</path>
         <kind>archive</kind>
         <file>rtsv7M4_T_le_v4SPD16_eabi.lib</file>
         <name>fd_cmp_t2.asm.obj</name>
      </input_file>
      <input_file id="fl-ec">
         <path>C:\TI_CodeComposer\ccsv8\tools\compiler\ti-cgt-arm_18.1.2.LTS\lib\</path>
         <kind>archive</kind>
         <file>rtsv7M4_T_le_v4SPD16_eabi.lib</file>
         <name>fd_div_t2.asm.obj</name>
      </input_file>
      <input_file id="fl-ed">
         <path>C:\TI_CodeComposer\ccsv8\tools\compiler\ti-cgt-arm_18.1.2.LTS\lib\</path>
         <kind>archive</kind>
         <file>rtsv7M4_T_le_v4SPD16_eabi.lib</file>
         <name>fd_mul_t2.asm.obj</name>
      </input_file>
      <input_file id="fl-ee">
         <path>C:\TI_CodeComposer\ccsv8\tools\compiler\ti-cgt-arm_18.1.2.LTS\lib\</path>
         <kind>archive</kind>
         <file>rtsv7M4_T_le_v4SPD16_eabi.lib</file>
         <name>fd_toi_t2.asm.obj</name>
      </input_file>
      <input_file id="fl-ef">
         <path>C:\TI_CodeComposer\ccsv8\tools\compiler\ti-cgt-arm_18.1.2.LTS\lib\</path>
         <kind>archive</kind>
         <file>rtsv7M4_T_le_v4SPD16_eabi.lib</file>
         <name>i_tofd_t2.asm.obj</name>
      </input_file>
      <input_file id="fl-f0">
         <path>C:\TI_CodeComposer\ccsv8\tools\compiler\ti-cgt-arm_18.1.2.LTS\lib\</path>
         <kind>archive</kind>
         <file>rtsv7M4_T_le_v4SPD16_eabi.lib</file>
         <name>ull_div_t2.asm.obj</name>
      </input_file>
      <input_file id="fl-f1">
         <path>C:\TI_CodeComposer\ccsv8\tools\compiler\ti-cgt-arm_18.1.2.LTS\lib\</path>
         <kind>archive</kind>
         <file>rtsv7M4_T_le_v4SPD16_eabi.lib</file>
         <name>errno.c.obj</name>
      </input_file>
      <input_file id="fl-f2">
         <path>C:\TI_CodeComposer\TivaWare\driverlib\ccs\Debug\</path>
         <kind>archive</kind>
         <file>driverlib.lib</file>
         <name>gpio.obj</name>
      </input_file>
      <input_file id="fl-f3">
         <path>C:\TI_CodeComposer\TivaWare\driverlib\ccs\Debug\</path>
         <kind>archive</kind>
         <file>driverlib.lib</file>
         <name>interrupt.obj</name>
      </input_file>
      <input_file id="fl-f4">
         <path>C:\TI_CodeComposer\TivaWare\driverlib\ccs\Debug\</path>
         <kind>archive</kind>
         <file>driverlib.lib</file>
         <name>sysctl.obj</name>
      </input_file>
      <input_file id="fl-f5">
         <path>C:\TI_CodeComposer\TivaWare\driverlib\ccs\Debug\</path>
         <kind>archive</kind>
         <file>driverlib.lib</file>
         <name>uart.obj</name>
      </input_file>
      <input_file id="fl-f6">
         <path>C:\TI_CodeComposer\TivaWare\driverlib\ccs\Debug\</path>
         <kind>archive</kind>
         <file>driverlib.lib</file>
         <name>cpu.obj</name>
      </input_file>
   </input_file_list>
   <object_component_list>
      <object_component id="oc-f">
         <name>.intvecs</name>
         <load_address>0x0</load_address>
         <run_address>0x0</run_address>
         <size>0x200</size>
         <input_file_ref idref="fl-3"/>
      </object_component>
      <object_component id="oc-81">
         <name>.text</name>
         <load_address>0x200</load_address>
         <run_address>0x200</run_address>
         <size>0x1720</size>
         <input_file_ref idref="fl-c"/>
      </object_component>
      <object_component id="oc-302">
         <name>.text:__TI_printfi</name>
         <load_address>0x1920</load_address>
         <run_address>0x1920</run_address>
         <size>0xa5e</size>
         <input_file_ref idref="fl-df"/>
      </object_component>
      <object_component id="oc-264">
         <name>.text</name>
         <load_address>0x237e</load_address>
         <run_address>0x237e</run_address>
         <size>0x2</size>
         <input_file_ref idref="fl-10"/>
      </object_component>
      <object_component id="oc-1a1">
         <name>.text</name>
         <load_address>0x2380</load_address>
         <run_address>0x2380</run_address>
         <size>0x9ac</size>
         <input_file_ref idref="fl-b"/>
      </object_component>
      <object_component id="oc-e2">
         <name>.text</name>
         <load_address>0x2d2c</load_address>
         <run_address>0x2d2c</run_address>
         <size>0x534</size>
         <input_file_ref idref="fl-d"/>
      </object_component>
      <object_component id="oc-138">
         <name>.text</name>
         <load_address>0x3260</load_address>
         <run_address>0x3260</run_address>
         <size>0x49c</size>
         <input_file_ref idref="fl-7"/>
      </object_component>
      <object_component id="oc-39a">
         <name>.text:_pconv_a</name>
         <load_address>0x36fc</load_address>
         <run_address>0x36fc</run_address>
         <size>0x270</size>
         <input_file_ref idref="fl-df"/>
      </object_component>
      <object_component id="oc-1d4">
         <name>.text:SysCtlClockFreqSet</name>
         <load_address>0x396c</load_address>
         <run_address>0x396c</run_address>
         <size>0x204</size>
         <input_file_ref idref="fl-f4"/>
      </object_component>
      <object_component id="oc-144">
         <name>.text</name>
         <load_address>0x3b70</load_address>
         <run_address>0x3b70</run_address>
         <size>0x1ec</size>
         <input_file_ref idref="fl-12"/>
      </object_component>
      <object_component id="oc-388">
         <name>.text:_pconv_g</name>
         <load_address>0x3d5c</load_address>
         <run_address>0x3d5c</run_address>
         <size>0x1d0</size>
         <input_file_ref idref="fl-df"/>
      </object_component>
      <object_component id="oc-400">
         <name>.text</name>
         <load_address>0x3f2c</load_address>
         <run_address>0x3f2c</run_address>
         <size>0x1b6</size>
         <input_file_ref idref="fl-ea"/>
      </object_component>
      <object_component id="oc-2f0">
         <name>.text</name>
         <load_address>0x40e2</load_address>
         <run_address>0x40e2</run_address>
         <size>0x2</size>
         <input_file_ref idref="fl-db"/>
      </object_component>
      <object_component id="oc-f1">
         <name>.text</name>
         <load_address>0x40e4</load_address>
         <run_address>0x40e4</run_address>
         <size>0x1a0</size>
         <input_file_ref idref="fl-4"/>
      </object_component>
      <object_component id="oc-394">
         <name>.text:_pconv_e</name>
         <load_address>0x4284</load_address>
         <run_address>0x4284</run_address>
         <size>0x13c</size>
         <input_file_ref idref="fl-df"/>
      </object_component>
      <object_component id="oc-3e6">
         <name>.text</name>
         <load_address>0x43c0</load_address>
         <run_address>0x43c0</run_address>
         <size>0x136</size>
         <input_file_ref idref="fl-ec"/>
      </object_component>
      <object_component id="oc-32">
         <name>.text</name>
         <load_address>0x44f8</load_address>
         <run_address>0x44f8</run_address>
         <size>0x134</size>
         <input_file_ref idref="fl-e"/>
      </object_component>
      <object_component id="oc-23b">
         <name>.text:GPIOPadConfigSet</name>
         <load_address>0x462c</load_address>
         <run_address>0x462c</run_address>
         <size>0x132</size>
         <input_file_ref idref="fl-f2"/>
      </object_component>
      <object_component id="oc-d6">
         <name>.text</name>
         <load_address>0x475e</load_address>
         <run_address>0x475e</run_address>
         <size>0x12a</size>
         <input_file_ref idref="fl-a"/>
      </object_component>
      <object_component id="oc-412">
         <name>.text:fcvt</name>
         <load_address>0x4888</load_address>
         <run_address>0x4888</run_address>
         <size>0x120</size>
         <input_file_ref idref="fl-df"/>
      </object_component>
      <object_component id="oc-426">
         <name>.text:scalbn</name>
         <load_address>0x49a8</load_address>
         <run_address>0x49a8</run_address>
         <size>0x110</size>
         <input_file_ref idref="fl-e7"/>
      </object_component>
      <object_component id="oc-3e1">
         <name>.text</name>
         <load_address>0x4ab8</load_address>
         <run_address>0x4ab8</run_address>
         <size>0xfc</size>
         <input_file_ref idref="fl-ed"/>
      </object_component>
      <object_component id="oc-2d">
         <name>.text</name>
         <load_address>0x4bb4</load_address>
         <run_address>0x4bb4</run_address>
         <size>0xd2</size>
         <input_file_ref idref="fl-f"/>
      </object_component>
      <object_component id="oc-bf">
         <name>.text</name>
         <load_address>0x4c88</load_address>
         <run_address>0x4c88</run_address>
         <size>0xb4</size>
         <input_file_ref idref="fl-2"/>
      </object_component>
      <object_component id="oc-37d">
         <name>.text:_ltostr</name>
         <load_address>0x4d3c</load_address>
         <run_address>0x4d3c</run_address>
         <size>0xb1</size>
         <input_file_ref idref="fl-df"/>
      </object_component>
      <object_component id="oc-46">
         <name>.text</name>
         <load_address>0x4dee</load_address>
         <run_address>0x4dee</run_address>
         <size>0x9c</size>
         <input_file_ref idref="fl-d2"/>
      </object_component>
      <object_component id="oc-3da">
         <name>.text</name>
         <load_address>0x4e8a</load_address>
         <run_address>0x4e8a</run_address>
         <size>0x96</size>
         <input_file_ref idref="fl-f0"/>
      </object_component>
      <object_component id="oc-383">
         <name>.text:__aeabi_cdcmple</name>
         <load_address>0x4f20</load_address>
         <run_address>0x4f20</run_address>
         <size>0x86</size>
         <input_file_ref idref="fl-eb"/>
      </object_component>
      <object_component id="oc-3eb">
         <name>.text:__aeabi_cdrcmple</name>
         <load_address>0x4fa6</load_address>
         <run_address>0x4fa6</run_address>
         <size>0x86</size>
         <input_file_ref idref="fl-eb"/>
      </object_component>
      <object_component id="oc-b3">
         <name>.text</name>
         <load_address>0x502c</load_address>
         <run_address>0x502c</run_address>
         <size>0x7a</size>
         <input_file_ref idref="fl-d0"/>
      </object_component>
      <object_component id="oc-14a">
         <name>.text</name>
         <load_address>0x50a8</load_address>
         <run_address>0x50a8</run_address>
         <size>0x70</size>
         <input_file_ref idref="fl-13"/>
      </object_component>
      <object_component id="oc-40b">
         <name>.text:_mcpy</name>
         <load_address>0x5118</load_address>
         <run_address>0x5118</run_address>
         <size>0x6e</size>
         <input_file_ref idref="fl-df"/>
      </object_component>
      <object_component id="oc-12">
         <name>.text:decompress:lzss:__TI_decompress_lzss</name>
         <load_address>0x5186</load_address>
         <run_address>0x5186</run_address>
         <size>0x68</size>
         <input_file_ref idref="fl-d5"/>
      </object_component>
      <object_component id="oc-132">
         <name>.text</name>
         <load_address>0x51f0</load_address>
         <run_address>0x51f0</run_address>
         <size>0x64</size>
         <input_file_ref idref="fl-6"/>
      </object_component>
      <object_component id="oc-420">
         <name>.text:frexp</name>
         <load_address>0x5254</load_address>
         <run_address>0x5254</run_address>
         <size>0x64</size>
         <input_file_ref idref="fl-e6"/>
      </object_component>
      <object_component id="oc-38e">
         <name>.text:_pconv_f</name>
         <load_address>0x52b8</load_address>
         <run_address>0x52b8</run_address>
         <size>0x56</size>
         <input_file_ref idref="fl-df"/>
      </object_component>
      <object_component id="oc-3f5">
         <name>.text:ltoa</name>
         <load_address>0x530e</load_address>
         <run_address>0x530e</run_address>
         <size>0x54</size>
         <input_file_ref idref="fl-e2"/>
      </object_component>
      <object_component id="oc-405">
         <name>.text:_ecpy</name>
         <load_address>0x5362</load_address>
         <run_address>0x5362</run_address>
         <size>0x52</size>
         <input_file_ref idref="fl-df"/>
      </object_component>
      <object_component id="oc-13e">
         <name>.text</name>
         <load_address>0x53b4</load_address>
         <run_address>0x53b4</run_address>
         <size>0x50</size>
         <input_file_ref idref="fl-11"/>
      </object_component>
      <object_component id="oc-377">
         <name>.text:atoi</name>
         <load_address>0x5404</load_address>
         <run_address>0x5404</run_address>
         <size>0x4c</size>
         <input_file_ref idref="fl-e0"/>
      </object_component>
      <object_component id="oc-1e4">
         <name>.text:GPIOPinConfigure</name>
         <load_address>0x5450</load_address>
         <run_address>0x5450</run_address>
         <size>0x48</size>
         <input_file_ref idref="fl-f2"/>
      </object_component>
      <object_component id="oc-2b6">
         <name>.text:_SysCtlFrequencyGet</name>
         <load_address>0x5498</load_address>
         <run_address>0x5498</run_address>
         <size>0x48</size>
         <input_file_ref idref="fl-f4"/>
      </object_component>
      <object_component id="oc-3f0">
         <name>.text</name>
         <load_address>0x54e0</load_address>
         <run_address>0x54e0</run_address>
         <size>0x48</size>
         <input_file_ref idref="fl-ee"/>
      </object_component>
      <object_component id="oc-200">
         <name>.text:UARTConfigSetExpClk</name>
         <load_address>0x5528</load_address>
         <run_address>0x5528</run_address>
         <size>0x46</size>
         <input_file_ref idref="fl-f5"/>
      </object_component>
      <object_component id="oc-15d">
         <name>.text:__TI_auto_init_nobinit_nopinit:__TI_auto_init_nobinit_nopinit</name>
         <load_address>0x5570</load_address>
         <run_address>0x5570</run_address>
         <size>0x44</size>
         <input_file_ref idref="fl-dc"/>
      </object_component>
      <object_component id="oc-221">
         <name>.text</name>
         <load_address>0x55b4</load_address>
         <run_address>0x55b4</run_address>
         <size>0x40</size>
         <input_file_ref idref="fl-cf"/>
      </object_component>
      <object_component id="oc-254">
         <name>.text:sprintf</name>
         <load_address>0x55f4</load_address>
         <run_address>0x55f4</run_address>
         <size>0x40</size>
         <input_file_ref idref="fl-da"/>
      </object_component>
      <object_component id="oc-418">
         <name>.text:_fcpy</name>
         <load_address>0x5634</load_address>
         <run_address>0x5634</run_address>
         <size>0x3e</size>
         <input_file_ref idref="fl-df"/>
      </object_component>
      <object_component id="oc-12c">
         <name>.text</name>
         <load_address>0x5674</load_address>
         <run_address>0x5674</run_address>
         <size>0x38</size>
         <input_file_ref idref="fl-5"/>
      </object_component>
      <object_component id="oc-1fa">
         <name>.text:SysCtlPeripheralPresent</name>
         <load_address>0x56ac</load_address>
         <run_address>0x56ac</run_address>
         <size>0x38</size>
         <input_file_ref idref="fl-f4"/>
      </object_component>
      <object_component id="oc-64">
         <name>.text:_c_int00_noargs:_c_int00_noargs</name>
         <load_address>0x56e4</load_address>
         <run_address>0x56e4</run_address>
         <size>0x38</size>
         <input_file_ref idref="fl-d6"/>
      </object_component>
      <object_component id="oc-24f">
         <name>.text</name>
         <load_address>0x571c</load_address>
         <run_address>0x571c</run_address>
         <size>0x38</size>
         <input_file_ref idref="fl-d1"/>
      </object_component>
      <object_component id="oc-1de">
         <name>.text:SysCtlPeripheralEnable</name>
         <load_address>0x5754</load_address>
         <run_address>0x5754</run_address>
         <size>0x34</size>
         <input_file_ref idref="fl-f4"/>
      </object_component>
      <object_component id="oc-3fb">
         <name>.text</name>
         <load_address>0x5788</load_address>
         <run_address>0x5788</run_address>
         <size>0x2e</size>
         <input_file_ref idref="fl-ef"/>
      </object_component>
      <object_component id="oc-2d4">
         <name>.text:GPIODirModeSet</name>
         <load_address>0x57b6</load_address>
         <run_address>0x57b6</run_address>
         <size>0x2a</size>
         <input_file_ref idref="fl-f2"/>
      </object_component>
      <object_component id="oc-2e0">
         <name>.text:UARTDisable</name>
         <load_address>0x57e0</load_address>
         <run_address>0x57e0</run_address>
         <size>0x20</size>
         <input_file_ref idref="fl-f5"/>
      </object_component>
      <object_component id="oc-2b0">
         <name>.text:_SysCtlMemTimingGet</name>
         <load_address>0x5800</load_address>
         <run_address>0x5800</run_address>
         <size>0x20</size>
         <input_file_ref idref="fl-f4"/>
      </object_component>
      <object_component id="oc-3a0">
         <name>.text:memccpy</name>
         <load_address>0x5820</load_address>
         <run_address>0x5820</run_address>
         <size>0x1c</size>
         <input_file_ref idref="fl-e3"/>
      </object_component>
      <object_component id="oc-235">
         <name>.text:GPIOPinTypeGPIOOutput</name>
         <load_address>0x583c</load_address>
         <run_address>0x583c</run_address>
         <size>0x18</size>
         <input_file_ref idref="fl-f2"/>
      </object_component>
      <object_component id="oc-308">
         <name>.text:_outs</name>
         <load_address>0x5854</load_address>
         <run_address>0x5854</run_address>
         <size>0x18</size>
         <input_file_ref idref="fl-da"/>
      </object_component>
      <object_component id="oc-42c">
         <name>.text:strchr</name>
         <load_address>0x586c</load_address>
         <run_address>0x586c</run_address>
         <size>0x16</size>
         <input_file_ref idref="fl-e4"/>
      </object_component>
      <object_component id="oc-206">
         <name>.text:UARTEnable</name>
         <load_address>0x5882</load_address>
         <run_address>0x5882</run_address>
         <size>0x14</size>
         <input_file_ref idref="fl-f5"/>
      </object_component>
      <object_component id="oc-46d">
         <name>.text:copysign</name>
         <load_address>0x5896</load_address>
         <run_address>0x5896</run_address>
         <size>0x14</size>
         <input_file_ref idref="fl-e8"/>
      </object_component>
      <object_component id="oc-371">
         <name>.text:strlen</name>
         <load_address>0x58aa</load_address>
         <run_address>0x58aa</run_address>
         <size>0x14</size>
         <input_file_ref idref="fl-e5"/>
      </object_component>
      <object_component id="oc-1ea">
         <name>.text:GPIOPinTypeUART</name>
         <load_address>0x58be</load_address>
         <run_address>0x58be</run_address>
         <size>0x12</size>
         <input_file_ref idref="fl-f2"/>
      </object_component>
      <object_component id="oc-3a6">
         <name>.text:wcslen</name>
         <load_address>0x58d0</load_address>
         <run_address>0x58d0</run_address>
         <size>0x12</size>
         <input_file_ref idref="fl-e9"/>
      </object_component>
      <object_component id="oc-18">
         <name>.text:decompress:none:__TI_decompress_none</name>
         <load_address>0x58e2</load_address>
         <run_address>0x58e2</run_address>
         <size>0xe</size>
         <input_file_ref idref="fl-d4"/>
      </object_component>
      <object_component id="oc-27">
         <name>.text</name>
         <load_address>0x58f0</load_address>
         <run_address>0x58f0</run_address>
         <size>0xc</size>
         <input_file_ref idref="fl-3"/>
      </object_component>
      <object_component id="oc-58">
         <name>.text:decompress:ZI:__TI_zero_init</name>
         <load_address>0x58fc</load_address>
         <run_address>0x58fc</run_address>
         <size>0xc</size>
         <input_file_ref idref="fl-d3"/>
      </object_component>
      <object_component id="oc-212">
         <name>.text:UARTCharGet</name>
         <load_address>0x5908</load_address>
         <run_address>0x5908</run_address>
         <size>0xa</size>
         <input_file_ref idref="fl-f5"/>
      </object_component>
      <object_component id="oc-20c">
         <name>.text:UARTCharPut</name>
         <load_address>0x5912</load_address>
         <run_address>0x5912</run_address>
         <size>0xa</size>
         <input_file_ref idref="fl-f5"/>
      </object_component>
      <object_component id="oc-30e">
         <name>.text:_outc</name>
         <load_address>0x591c</load_address>
         <run_address>0x591c</run_address>
         <size>0xa</size>
         <input_file_ref idref="fl-da"/>
      </object_component>
      <object_component id="oc-3ac">
         <name>.text:__aeabi_errno_addr</name>
         <load_address>0x5928</load_address>
         <run_address>0x5928</run_address>
         <size>0x8</size>
         <input_file_ref idref="fl-f1"/>
      </object_component>
      <object_component id="oc-241">
         <name>.text:GPIOPinRead</name>
         <load_address>0x5930</load_address>
         <run_address>0x5930</run_address>
         <size>0x6</size>
         <input_file_ref idref="fl-f2"/>
      </object_component>
      <object_component id="oc-247">
         <name>.text:GPIOPinWrite</name>
         <load_address>0x5936</load_address>
         <run_address>0x5936</run_address>
         <size>0x6</size>
         <input_file_ref idref="fl-f2"/>
      </object_component>
      <object_component id="oc-1f0">
         <name>.text:UARTClockSourceSet</name>
         <load_address>0x593c</load_address>
         <run_address>0x593c</run_address>
         <size>0x6</size>
         <input_file_ref idref="fl-f5"/>
      </object_component>
      <object_component id="oc-b9">
         <name>.text:_system_pre_init</name>
         <load_address>0x5942</load_address>
         <run_address>0x5942</run_address>
         <size>0x4</size>
         <input_file_ref idref="fl-dd"/>
      </object_component>
      <object_component id="oc-151">
         <name>.text:abort:abort</name>
         <load_address>0x5946</load_address>
         <run_address>0x5946</run_address>
         <size>0x4</size>
         <input_file_ref idref="fl-d7"/>
      </object_component>
      <object_component id="oc-2bf">
         <name>.const:g_pppui32XTALtoVCO</name>
         <load_address>0x594c</load_address>
         <run_address>0x594c</run_address>
         <size>0x120</size>
         <input_file_ref idref="fl-f4"/>
      </object_component>
      <object_component id="oc-3d5">
         <name>.const:.string:_ctypes_</name>
         <load_address>0x5a6c</load_address>
         <run_address>0x5a6c</run_address>
         <size>0x101</size>
         <input_file_ref idref="fl-e1"/>
      </object_component>
      <object_component id="oc-2cf">
         <name>.const:g_pui32GPIOBaseAddrs</name>
         <load_address>0x5b70</load_address>
         <run_address>0x5b70</run_address>
         <size>0x90</size>
         <input_file_ref idref="fl-f2"/>
      </object_component>
      <object_component id="oc-2bc">
         <name>.const:g_pui32Xtals</name>
         <load_address>0x5c00</load_address>
         <run_address>0x5c00</run_address>
         <size>0x6c</size>
         <input_file_ref idref="fl-f4"/>
      </object_component>
      <object_component id="oc-356">
         <name>.const:g_sXTALtoMEMTIM</name>
         <load_address>0x5c6c</load_address>
         <run_address>0x5c6c</run_address>
         <size>0x30</size>
         <input_file_ref idref="fl-f4"/>
      </object_component>
      <object_component id="oc-2f6">
         <name>.const:.string</name>
         <load_address>0x5c9c</load_address>
         <run_address>0x5c9c</run_address>
         <size>0x12</size>
         <input_file_ref idref="fl-7"/>
      </object_component>
      <object_component id="oc-21e">
         <name>.const:g_ui32UARTBase</name>
         <load_address>0x5cb0</load_address>
         <run_address>0x5cb0</run_address>
         <size>0xc</size>
         <input_file_ref idref="fl-7"/>
      </object_component>
      <object_component id="oc-218">
         <name>.const:g_ui32UARTPeriph</name>
         <load_address>0x5cbc</load_address>
         <run_address>0x5cbc</run_address>
         <size>0xc</size>
         <input_file_ref idref="fl-7"/>
      </object_component>
      <object_component id="oc-2c2">
         <name>.const</name>
         <load_address>0x5cc8</load_address>
         <run_address>0x5cc8</run_address>
         <size>0x8</size>
         <input_file_ref idref="fl-f4"/>
      </object_component>
      <object_component id="oc-7e">
         <name>.const</name>
         <load_address>0x5cd0</load_address>
         <run_address>0x5cd0</run_address>
         <size>0x4</size>
         <input_file_ref idref="fl-e"/>
      </object_component>
      <object_component id="oc-226">
         <name>.const</name>
         <load_address>0x5cd4</load_address>
         <run_address>0x5cd4</run_address>
         <size>0x4</size>
         <input_file_ref idref="fl-7"/>
      </object_component>
      <object_component id="oc-4c2">
         <name>.cinit..data.load</name>
         <load_address>0x5cd8</load_address>
         <run_address>0x5cd8</run_address>
         <size>0x15</size>
      </object_component>
      <object_component id="oc-4c0">
         <name>__TI_handler_table</name>
         <load_address>0x5cf0</load_address>
         <run_address>0x5cf0</run_address>
         <size>0xc</size>
      </object_component>
      <object_component id="oc-4c3">
         <name>.cinit..bss.load</name>
         <load_address>0x5d00</load_address>
         <run_address>0x5d00</run_address>
         <size>0x8</size>
      </object_component>
      <object_component id="oc-4c1">
         <name>__TI_cinit_table</name>
         <load_address>0x5d08</load_address>
         <run_address>0x5d08</run_address>
         <size>0x10</size>
      </object_component>
      <object_component id="oc-1c0">
         <name>.data</name>
         <load_address>0x2000cde4</load_address>
         <run_address>0x2000cde4</run_address>
         <size>0x8</size>
         <input_file_ref idref="fl-4"/>
      </object_component>
      <object_component id="oc-1da">
         <name>.data</name>
         <load_address>0x2000cdd0</load_address>
         <run_address>0x2000cdd0</run_address>
         <size>0xc</size>
         <input_file_ref idref="fl-5"/>
      </object_component>
      <object_component id="oc-1f6">
         <name>.data</name>
         <load_address>0x2000cddc</load_address>
         <run_address>0x2000cddc</run_address>
         <size>0x8</size>
         <input_file_ref idref="fl-6"/>
      </object_component>
      <object_component id="oc-21b">
         <name>.data</name>
         <load_address>0x2000ce04</load_address>
         <run_address>0x2000ce04</run_address>
         <size>0x5</size>
         <input_file_ref idref="fl-7"/>
      </object_component>
      <object_component id="oc-7b">
         <name>.data</name>
         <load_address>0x2000cda0</load_address>
         <run_address>0x2000cda0</run_address>
         <size>0x30</size>
         <input_file_ref idref="fl-c"/>
      </object_component>
      <object_component id="oc-1a7">
         <name>.data</name>
         <load_address>0x2000cdf4</load_address>
         <run_address>0x2000cdf4</run_address>
         <size>0x8</size>
         <input_file_ref idref="fl-d"/>
      </object_component>
      <object_component id="oc-88">
         <name>.data</name>
         <load_address>0x2000cdec</load_address>
         <run_address>0x2000cdec</run_address>
         <size>0x8</size>
         <input_file_ref idref="fl-e"/>
      </object_component>
      <object_component id="oc-25a">
         <name>.data</name>
         <load_address>0x2000cdfc</load_address>
         <run_address>0x2000cdfc</run_address>
         <size>0x5</size>
         <input_file_ref idref="fl-12"/>
      </object_component>
      <object_component id="oc-43c">
         <name>.data</name>
         <load_address>0x2000ce0c</load_address>
         <run_address>0x2000ce0c</run_address>
         <size>0x4</size>
         <input_file_ref idref="fl-f1"/>
      </object_component>
      <object_component id="oc-24">
         <name>.bss:pulStack</name>
         <uninitialized>true</uninitialized>
         <run_address>0x2000c350</run_address>
         <size>0x100</size>
         <input_file_ref idref="fl-3"/>
      </object_component>
      <object_component id="oc-1c6">
         <name>.bss:xHeap</name>
         <uninitialized>true</uninitialized>
         <run_address>0x20000000</run_address>
         <size>0xc350</size>
         <input_file_ref idref="fl-4"/>
      </object_component>
      <object_component id="oc-1c3">
         <name>.bss:xStart</name>
         <uninitialized>true</uninitialized>
         <run_address>0x2000c598</run_address>
         <size>0x8</size>
         <input_file_ref idref="fl-4"/>
      </object_component>
      <object_component id="oc-1c9">
         <name>.bss:xEnd</name>
         <uninitialized>true</uninitialized>
         <run_address>0x2000c590</run_address>
         <size>0x8</size>
         <input_file_ref idref="fl-4"/>
      </object_component>
      <object_component id="oc-dc">
         <name>.bss:pxReadyTasksLists</name>
         <uninitialized>true</uninitialized>
         <run_address>0x2000c450</run_address>
         <size>0x64</size>
         <input_file_ref idref="fl-c"/>
      </object_component>
      <object_component id="oc-f7">
         <name>.bss:xDelayedTaskList1</name>
         <uninitialized>true</uninitialized>
         <run_address>0x2000c51c</run_address>
         <size>0x14</size>
         <input_file_ref idref="fl-c"/>
      </object_component>
      <object_component id="oc-fa">
         <name>.bss:xDelayedTaskList2</name>
         <uninitialized>true</uninitialized>
         <run_address>0x2000c530</run_address>
         <size>0x14</size>
         <input_file_ref idref="fl-c"/>
      </object_component>
      <object_component id="oc-ee">
         <name>.bss</name>
         <uninitialized>true</uninitialized>
         <run_address>0x2000c580</run_address>
         <size>0x8</size>
         <input_file_ref idref="fl-c"/>
      </object_component>
      <object_component id="oc-eb">
         <name>.bss:xPendingReadyList</name>
         <uninitialized>true</uninitialized>
         <run_address>0x2000c544</run_address>
         <size>0x14</size>
         <input_file_ref idref="fl-c"/>
      </object_component>
      <object_component id="oc-df">
         <name>.bss:xTasksWaitingTermination</name>
         <uninitialized>true</uninitialized>
         <run_address>0x2000c56c</run_address>
         <size>0x14</size>
         <input_file_ref idref="fl-c"/>
      </object_component>
      <object_component id="oc-e8">
         <name>.bss:xSuspendedTaskList</name>
         <uninitialized>true</uninitialized>
         <run_address>0x2000c558</run_address>
         <size>0x14</size>
         <input_file_ref idref="fl-c"/>
      </object_component>
      <object_component id="oc-1ad">
         <name>.bss:xActiveTimerList1</name>
         <uninitialized>true</uninitialized>
         <run_address>0x2000c4f4</run_address>
         <size>0x14</size>
         <input_file_ref idref="fl-d"/>
      </object_component>
      <object_component id="oc-1b0">
         <name>.bss:xActiveTimerList2</name>
         <uninitialized>true</uninitialized>
         <run_address>0x2000c508</run_address>
         <size>0x14</size>
         <input_file_ref idref="fl-d"/>
      </object_component>
      <object_component id="oc-1aa">
         <name>.bss</name>
         <uninitialized>true</uninitialized>
         <run_address>0x2000c588</run_address>
         <size>0x8</size>
         <input_file_ref idref="fl-d"/>
      </object_component>
      <object_component id="oc-28e">
         <name>.common:xQueueRegistry</name>
         <uninitialized>true</uninitialized>
         <run_address>0x2000c4b4</run_address>
         <size>0x40</size>
      </object_component>
      <object_component id="oc-21">
         <name>.stack</name>
         <uninitialized>true</uninitialized>
         <run_address>0x2000c5a0</run_address>
         <size>0x4</size>
         <input_file_ref idref="fl-d6"/>
      </object_component>
      <object_component id="oc-4c4">
         <name>.stack</name>
         <uninitialized>true</uninitialized>
         <run_address>0x2000c5a0</run_address>
         <size>0x0</size>
      </object_component>
      <object_component id="oc-116">
         <name>.debug_info</name>
         <load_address>0x0</load_address>
         <run_address>0x0</run_address>
         <size>0x4da</size>
         <input_file_ref idref="fl-2"/>
      </object_component>
      <object_component id="oc-c0">
         <name>.debug_info</name>
         <load_address>0x4da</load_address>
         <run_address>0x4da</run_address>
         <size>0x1f7</size>
         <input_file_ref idref="fl-2"/>
      </object_component>
      <object_component id="oc-fe">
         <name>.debug_info</name>
         <load_address>0x6d1</load_address>
         <run_address>0x6d1</run_address>
         <size>0x2ef</size>
         <input_file_ref idref="fl-2"/>
      </object_component>
      <object_component id="oc-99">
         <name>.debug_info</name>
         <load_address>0x9c0</load_address>
         <run_address>0x9c0</run_address>
         <size>0x26b</size>
         <input_file_ref idref="fl-2"/>
      </object_component>
      <object_component id="oc-41">
         <name>.debug_info</name>
         <load_address>0xc2b</load_address>
         <run_address>0xc2b</run_address>
         <size>0x84</size>
         <input_file_ref idref="fl-2"/>
      </object_component>
      <object_component id="oc-8d">
         <name>.debug_info</name>
         <load_address>0xcaf</load_address>
         <run_address>0xcaf</run_address>
         <size>0x2c</size>
         <input_file_ref idref="fl-2"/>
      </object_component>
      <object_component id="oc-117">
         <name>.debug_info</name>
         <load_address>0xcdb</load_address>
         <run_address>0xcdb</run_address>
         <size>0x297</size>
         <input_file_ref idref="fl-2"/>
      </object_component>
      <object_component id="oc-103">
         <name>.debug_info</name>
         <load_address>0xf72</load_address>
         <run_address>0xf72</run_address>
         <size>0xbb</size>
         <input_file_ref idref="fl-2"/>
      </object_component>
      <object_component id="oc-92">
         <name>.debug_info</name>
         <load_address>0x102d</load_address>
         <run_address>0x102d</run_address>
         <size>0xae</size>
         <input_file_ref idref="fl-2"/>
      </object_component>
      <object_component id="oc-230">
         <name>.debug_info</name>
         <load_address>0x10db</load_address>
         <run_address>0x10db</run_address>
         <size>0x2c</size>
         <input_file_ref idref="fl-2"/>
      </object_component>
      <object_component id="oc-111">
         <name>.debug_info</name>
         <load_address>0x1107</load_address>
         <run_address>0x1107</run_address>
         <size>0x14c</size>
         <input_file_ref idref="fl-2"/>
      </object_component>
      <object_component id="oc-3a">
         <name>.debug_info</name>
         <load_address>0x1253</load_address>
         <run_address>0x1253</run_address>
         <size>0x329</size>
         <input_file_ref idref="fl-3"/>
      </object_component>
      <object_component id="oc-25">
         <name>.debug_info</name>
         <load_address>0x157c</load_address>
         <run_address>0x157c</run_address>
         <size>0xf2</size>
         <input_file_ref idref="fl-3"/>
      </object_component>
      <object_component id="oc-10">
         <name>.debug_info</name>
         <load_address>0x166e</load_address>
         <run_address>0x166e</run_address>
         <size>0xfb</size>
         <input_file_ref idref="fl-3"/>
      </object_component>
      <object_component id="oc-28">
         <name>.debug_info</name>
         <load_address>0x1769</load_address>
         <run_address>0x1769</run_address>
         <size>0x267</size>
         <input_file_ref idref="fl-3"/>
      </object_component>
      <object_component id="oc-1cd">
         <name>.debug_info</name>
         <load_address>0x19d0</load_address>
         <run_address>0x19d0</run_address>
         <size>0x371</size>
         <input_file_ref idref="fl-4"/>
      </object_component>
      <object_component id="oc-1c7">
         <name>.debug_info</name>
         <load_address>0x1d41</load_address>
         <run_address>0x1d41</run_address>
         <size>0xdc</size>
         <input_file_ref idref="fl-4"/>
      </object_component>
      <object_component id="oc-1c4">
         <name>.debug_info</name>
         <load_address>0x1e1d</load_address>
         <run_address>0x1e1d</run_address>
         <size>0xde</size>
         <input_file_ref idref="fl-4"/>
      </object_component>
      <object_component id="oc-1ca">
         <name>.debug_info</name>
         <load_address>0x1efb</load_address>
         <run_address>0x1efb</run_address>
         <size>0xda</size>
         <input_file_ref idref="fl-4"/>
      </object_component>
      <object_component id="oc-1c1">
         <name>.debug_info</name>
         <load_address>0x1fd5</load_address>
         <run_address>0x1fd5</run_address>
         <size>0xf8</size>
         <input_file_ref idref="fl-4"/>
      </object_component>
      <object_component id="oc-f2">
         <name>.debug_info</name>
         <load_address>0x20cd</load_address>
         <run_address>0x20cd</run_address>
         <size>0x4ec</size>
         <input_file_ref idref="fl-4"/>
      </object_component>
      <object_component id="oc-196">
         <name>.debug_info</name>
         <load_address>0x25b9</load_address>
         <run_address>0x25b9</run_address>
         <size>0x110</size>
         <input_file_ref idref="fl-4"/>
      </object_component>
      <object_component id="oc-2a5">
         <name>.debug_info</name>
         <load_address>0x26c9</load_address>
         <run_address>0x26c9</run_address>
         <size>0x99</size>
         <input_file_ref idref="fl-4"/>
      </object_component>
      <object_component id="oc-1db">
         <name>.debug_info</name>
         <load_address>0x2762</load_address>
         <run_address>0x2762</run_address>
         <size>0x16e</size>
         <input_file_ref idref="fl-5"/>
      </object_component>
      <object_component id="oc-12d">
         <name>.debug_info</name>
         <load_address>0x28d0</load_address>
         <run_address>0x28d0</run_address>
         <size>0x1b7</size>
         <input_file_ref idref="fl-5"/>
      </object_component>
      <object_component id="oc-1f7">
         <name>.debug_info</name>
         <load_address>0x2a87</load_address>
         <run_address>0x2a87</run_address>
         <size>0x157</size>
         <input_file_ref idref="fl-6"/>
      </object_component>
      <object_component id="oc-133">
         <name>.debug_info</name>
         <load_address>0x2bde</load_address>
         <run_address>0x2bde</run_address>
         <size>0x26a</size>
         <input_file_ref idref="fl-6"/>
      </object_component>
      <object_component id="oc-22f">
         <name>.debug_info</name>
         <load_address>0x2e48</load_address>
         <run_address>0x2e48</run_address>
         <size>0x3fa</size>
         <input_file_ref idref="fl-7"/>
      </object_component>
      <object_component id="oc-21c">
         <name>.debug_info</name>
         <load_address>0x3242</load_address>
         <run_address>0x3242</run_address>
         <size>0xf1</size>
         <input_file_ref idref="fl-7"/>
      </object_component>
      <object_component id="oc-227">
         <name>.debug_info</name>
         <load_address>0x3333</load_address>
         <run_address>0x3333</run_address>
         <size>0xeb</size>
         <input_file_ref idref="fl-7"/>
      </object_component>
      <object_component id="oc-21f">
         <name>.debug_info</name>
         <load_address>0x341e</load_address>
         <run_address>0x341e</run_address>
         <size>0xf9</size>
         <input_file_ref idref="fl-7"/>
      </object_component>
      <object_component id="oc-219">
         <name>.debug_info</name>
         <load_address>0x3517</load_address>
         <run_address>0x3517</run_address>
         <size>0xfd</size>
         <input_file_ref idref="fl-7"/>
      </object_component>
      <object_component id="oc-139">
         <name>.debug_info</name>
         <load_address>0x3614</load_address>
         <run_address>0x3614</run_address>
         <size>0x7fa</size>
         <input_file_ref idref="fl-7"/>
      </object_component>
      <object_component id="oc-22a">
         <name>.debug_info</name>
         <load_address>0x3e0e</load_address>
         <run_address>0x3e0e</run_address>
         <size>0x8b</size>
         <input_file_ref idref="fl-7"/>
      </object_component>
      <object_component id="oc-28b">
         <name>.debug_info</name>
         <load_address>0x3e99</load_address>
         <run_address>0x3e99</run_address>
         <size>0x58a</size>
         <input_file_ref idref="fl-9"/>
      </object_component>
      <object_component id="oc-345">
         <name>.debug_info</name>
         <load_address>0x4423</load_address>
         <run_address>0x4423</run_address>
         <size>0x39</size>
         <input_file_ref idref="fl-9"/>
      </object_component>
      <object_component id="oc-191">
         <name>.debug_info</name>
         <load_address>0x445c</load_address>
         <run_address>0x445c</run_address>
         <size>0x46</size>
         <input_file_ref idref="fl-9"/>
      </object_component>
      <object_component id="oc-34a">
         <name>.debug_info</name>
         <load_address>0x44a2</load_address>
         <run_address>0x44a2</run_address>
         <size>0x76</size>
         <input_file_ref idref="fl-9"/>
      </object_component>
      <object_component id="oc-19c">
         <name>.debug_info</name>
         <load_address>0x4518</load_address>
         <run_address>0x4518</run_address>
         <size>0x2da</size>
         <input_file_ref idref="fl-a"/>
      </object_component>
      <object_component id="oc-d8">
         <name>.debug_info</name>
         <load_address>0x47f2</load_address>
         <run_address>0x47f2</run_address>
         <size>0x4a3</size>
         <input_file_ref idref="fl-a"/>
      </object_component>
      <object_component id="oc-28f">
         <name>.debug_info</name>
         <load_address>0x4c95</load_address>
         <run_address>0x4c95</run_address>
         <size>0x780</size>
         <input_file_ref idref="fl-b"/>
      </object_component>
      <object_component id="oc-1a2">
         <name>.debug_info</name>
         <load_address>0x5415</load_address>
         <run_address>0x5415</run_address>
         <size>0x27a8</size>
         <input_file_ref idref="fl-b"/>
      </object_component>
      <object_component id="oc-351">
         <name>.debug_info</name>
         <load_address>0x7bbd</load_address>
         <run_address>0x7bbd</run_address>
         <size>0x1cd</size>
         <input_file_ref idref="fl-b"/>
      </object_component>
      <object_component id="oc-292">
         <name>.debug_info</name>
         <load_address>0x7d8a</load_address>
         <run_address>0x7d8a</run_address>
         <size>0x46</size>
         <input_file_ref idref="fl-b"/>
      </object_component>
      <object_component id="oc-d3">
         <name>.debug_info</name>
         <load_address>0x7dd0</load_address>
         <run_address>0x7dd0</run_address>
         <size>0x6e0</size>
         <input_file_ref idref="fl-c"/>
      </object_component>
      <object_component id="oc-7c">
         <name>.debug_info</name>
         <load_address>0x84b0</load_address>
         <run_address>0x84b0</run_address>
         <size>0x2fe</size>
         <input_file_ref idref="fl-c"/>
      </object_component>
      <object_component id="oc-dd">
         <name>.debug_info</name>
         <load_address>0x87ae</load_address>
         <run_address>0x87ae</run_address>
         <size>0xfa</size>
         <input_file_ref idref="fl-c"/>
      </object_component>
      <object_component id="oc-f8">
         <name>.debug_info</name>
         <load_address>0x88a8</load_address>
         <run_address>0x88a8</run_address>
         <size>0xfa</size>
         <input_file_ref idref="fl-c"/>
      </object_component>
      <object_component id="oc-fb">
         <name>.debug_info</name>
         <load_address>0x89a2</load_address>
         <run_address>0x89a2</run_address>
         <size>0xfa</size>
         <input_file_ref idref="fl-c"/>
      </object_component>
      <object_component id="oc-ef">
         <name>.debug_info</name>
         <load_address>0x8a9c</load_address>
         <run_address>0x8a9c</run_address>
         <size>0x13c</size>
         <input_file_ref idref="fl-c"/>
      </object_component>
      <object_component id="oc-ec">
         <name>.debug_info</name>
         <load_address>0x8bd8</load_address>
         <run_address>0x8bd8</run_address>
         <size>0xfa</size>
         <input_file_ref idref="fl-c"/>
      </object_component>
      <object_component id="oc-e0">
         <name>.debug_info</name>
         <load_address>0x8cd2</load_address>
         <run_address>0x8cd2</run_address>
         <size>0x108</size>
         <input_file_ref idref="fl-c"/>
      </object_component>
      <object_component id="oc-e9">
         <name>.debug_info</name>
         <load_address>0x8dda</load_address>
         <run_address>0x8dda</run_address>
         <size>0xfc</size>
         <input_file_ref idref="fl-c"/>
      </object_component>
      <object_component id="oc-82">
         <name>.debug_info</name>
         <load_address>0x8ed6</load_address>
         <run_address>0x8ed6</run_address>
         <size>0x42f8</size>
         <input_file_ref idref="fl-c"/>
      </object_component>
      <object_component id="oc-108">
         <name>.debug_info</name>
         <load_address>0xd1ce</load_address>
         <run_address>0xd1ce</run_address>
         <size>0x169</size>
         <input_file_ref idref="fl-c"/>
      </object_component>
      <object_component id="oc-1b4">
         <name>.debug_info</name>
         <load_address>0xd337</load_address>
         <run_address>0xd337</run_address>
         <size>0x7e7</size>
         <input_file_ref idref="fl-d"/>
      </object_component>
      <object_component id="oc-1ae">
         <name>.debug_info</name>
         <load_address>0xdb1e</load_address>
         <run_address>0xdb1e</run_address>
         <size>0xfb</size>
         <input_file_ref idref="fl-d"/>
      </object_component>
      <object_component id="oc-1b1">
         <name>.debug_info</name>
         <load_address>0xdc19</load_address>
         <run_address>0xdc19</run_address>
         <size>0xfb</size>
         <input_file_ref idref="fl-d"/>
      </object_component>
      <object_component id="oc-1ab">
         <name>.debug_info</name>
         <load_address>0xdd14</load_address>
         <run_address>0xdd14</run_address>
         <size>0x133</size>
         <input_file_ref idref="fl-d"/>
      </object_component>
      <object_component id="oc-1a8">
         <name>.debug_info</name>
         <load_address>0xde47</load_address>
         <run_address>0xde47</run_address>
         <size>0xef</size>
         <input_file_ref idref="fl-d"/>
      </object_component>
      <object_component id="oc-e3">
         <name>.debug_info</name>
         <load_address>0xdf36</load_address>
         <run_address>0xdf36</run_address>
         <size>0x16c6</size>
         <input_file_ref idref="fl-d"/>
      </object_component>
      <object_component id="oc-1b5">
         <name>.debug_info</name>
         <load_address>0xf5fc</load_address>
         <run_address>0xf5fc</run_address>
         <size>0x1ce</size>
         <input_file_ref idref="fl-d"/>
      </object_component>
      <object_component id="oc-8c">
         <name>.debug_info</name>
         <load_address>0xf7ca</load_address>
         <run_address>0xf7ca</run_address>
         <size>0x36f</size>
         <input_file_ref idref="fl-e"/>
      </object_component>
      <object_component id="oc-7f">
         <name>.debug_info</name>
         <load_address>0xfb39</load_address>
         <run_address>0xfb39</run_address>
         <size>0x128</size>
         <input_file_ref idref="fl-e"/>
      </object_component>
      <object_component id="oc-89">
         <name>.debug_info</name>
         <load_address>0xfc61</load_address>
         <run_address>0xfc61</run_address>
         <size>0x143</size>
         <input_file_ref idref="fl-e"/>
      </object_component>
      <object_component id="oc-33">
         <name>.debug_info</name>
         <load_address>0xfda4</load_address>
         <run_address>0xfda4</run_address>
         <size>0x6a4</size>
         <input_file_ref idref="fl-e"/>
      </object_component>
      <object_component id="oc-2e">
         <name>.debug_info</name>
         <load_address>0x10448</load_address>
         <run_address>0x10448</run_address>
         <size>0x260</size>
         <input_file_ref idref="fl-f"/>
      </object_component>
      <object_component id="oc-265">
         <name>.debug_info</name>
         <load_address>0x106a8</load_address>
         <run_address>0x106a8</run_address>
         <size>0x10d</size>
         <input_file_ref idref="fl-10"/>
      </object_component>
      <object_component id="oc-24e">
         <name>.debug_info</name>
         <load_address>0x107b5</load_address>
         <run_address>0x107b5</run_address>
         <size>0x431</size>
         <input_file_ref idref="fl-11"/>
      </object_component>
      <object_component id="oc-13f">
         <name>.debug_info</name>
         <load_address>0x10be6</load_address>
         <run_address>0x10be6</run_address>
         <size>0x243</size>
         <input_file_ref idref="fl-11"/>
      </object_component>
      <object_component id="oc-263">
         <name>.debug_info</name>
         <load_address>0x10e29</load_address>
         <run_address>0x10e29</run_address>
         <size>0x47f</size>
         <input_file_ref idref="fl-12"/>
      </object_component>
      <object_component id="oc-25b">
         <name>.debug_info</name>
         <load_address>0x112a8</load_address>
         <run_address>0x112a8</run_address>
         <size>0x143</size>
         <input_file_ref idref="fl-12"/>
      </object_component>
      <object_component id="oc-145">
         <name>.debug_info</name>
         <load_address>0x113eb</load_address>
         <run_address>0x113eb</run_address>
         <size>0x3d9</size>
         <input_file_ref idref="fl-12"/>
      </object_component>
      <object_component id="oc-25e">
         <name>.debug_info</name>
         <load_address>0x117c4</load_address>
         <run_address>0x117c4</run_address>
         <size>0xf4</size>
         <input_file_ref idref="fl-12"/>
      </object_component>
      <object_component id="oc-31a">
         <name>.debug_info</name>
         <load_address>0x118b8</load_address>
         <run_address>0x118b8</run_address>
         <size>0x6f</size>
         <input_file_ref idref="fl-12"/>
      </object_component>
      <object_component id="oc-26a">
         <name>.debug_info</name>
         <load_address>0x11927</load_address>
         <run_address>0x11927</run_address>
         <size>0x3f5</size>
         <input_file_ref idref="fl-13"/>
      </object_component>
      <object_component id="oc-14b">
         <name>.debug_info</name>
         <load_address>0x11d1c</load_address>
         <run_address>0x11d1c</run_address>
         <size>0x211</size>
         <input_file_ref idref="fl-13"/>
      </object_component>
      <object_component id="oc-222">
         <name>.debug_info</name>
         <load_address>0x11f2d</load_address>
         <run_address>0x11f2d</run_address>
         <size>0x13a</size>
         <input_file_ref idref="fl-cf"/>
      </object_component>
      <object_component id="oc-b5">
         <name>.debug_info</name>
         <load_address>0x12067</load_address>
         <run_address>0x12067</run_address>
         <size>0x13f</size>
         <input_file_ref idref="fl-d0"/>
      </object_component>
      <object_component id="oc-252">
         <name>.debug_info</name>
         <load_address>0x121a6</load_address>
         <run_address>0x121a6</run_address>
         <size>0x124</size>
         <input_file_ref idref="fl-d1"/>
      </object_component>
      <object_component id="oc-48">
         <name>.debug_info</name>
         <load_address>0x122ca</load_address>
         <run_address>0x122ca</run_address>
         <size>0x111</size>
         <input_file_ref idref="fl-d2"/>
      </object_component>
      <object_component id="oc-b2">
         <name>.debug_info</name>
         <load_address>0x123db</load_address>
         <run_address>0x123db</run_address>
         <size>0x313</size>
         <input_file_ref idref="fl-d3"/>
      </object_component>
      <object_component id="oc-5b">
         <name>.debug_info</name>
         <load_address>0x126ee</load_address>
         <run_address>0x126ee</run_address>
         <size>0x1aa</size>
         <input_file_ref idref="fl-d3"/>
      </object_component>
      <object_component id="oc-ad">
         <name>.debug_info</name>
         <load_address>0x12898</load_address>
         <run_address>0x12898</run_address>
         <size>0x46</size>
         <input_file_ref idref="fl-d3"/>
      </object_component>
      <object_component id="oc-123">
         <name>.debug_info</name>
         <load_address>0x128de</load_address>
         <run_address>0x128de</run_address>
         <size>0x2c</size>
         <input_file_ref idref="fl-d3"/>
      </object_component>
      <object_component id="oc-51">
         <name>.debug_info</name>
         <load_address>0x1290a</load_address>
         <run_address>0x1290a</run_address>
         <size>0x29d</size>
         <input_file_ref idref="fl-d4"/>
      </object_component>
      <object_component id="oc-1a">
         <name>.debug_info</name>
         <load_address>0x12ba7</load_address>
         <run_address>0x12ba7</run_address>
         <size>0x1df</size>
         <input_file_ref idref="fl-d4"/>
      </object_component>
      <object_component id="oc-4c">
         <name>.debug_info</name>
         <load_address>0x12d86</load_address>
         <run_address>0x12d86</run_address>
         <size>0x46</size>
         <input_file_ref idref="fl-d4"/>
      </object_component>
      <object_component id="oc-a5">
         <name>.debug_info</name>
         <load_address>0x12dcc</load_address>
         <run_address>0x12dcc</run_address>
         <size>0x2c</size>
         <input_file_ref idref="fl-d4"/>
      </object_component>
      <object_component id="oc-a3">
         <name>.debug_info</name>
         <load_address>0x12df8</load_address>
         <run_address>0x12df8</run_address>
         <size>0x293</size>
         <input_file_ref idref="fl-d5"/>
      </object_component>
      <object_component id="oc-13">
         <name>.debug_info</name>
         <load_address>0x1308b</load_address>
         <run_address>0x1308b</run_address>
         <size>0x245</size>
         <input_file_ref idref="fl-d5"/>
      </object_component>
      <object_component id="oc-3c">
         <name>.debug_info</name>
         <load_address>0x132d0</load_address>
         <run_address>0x132d0</run_address>
         <size>0x60</size>
         <input_file_ref idref="fl-d5"/>
      </object_component>
      <object_component id="oc-11c">
         <name>.debug_info</name>
         <load_address>0x13330</load_address>
         <run_address>0x13330</run_address>
         <size>0x46</size>
         <input_file_ref idref="fl-d5"/>
      </object_component>
      <object_component id="oc-9e">
         <name>.debug_info</name>
         <load_address>0x13376</load_address>
         <run_address>0x13376</run_address>
         <size>0x39</size>
         <input_file_ref idref="fl-d5"/>
      </object_component>
      <object_component id="oc-22">
         <name>.debug_info</name>
         <load_address>0x133af</load_address>
         <run_address>0x133af</run_address>
         <size>0x100</size>
         <input_file_ref idref="fl-d6"/>
      </object_component>
      <object_component id="oc-65">
         <name>.debug_info</name>
         <load_address>0x134af</load_address>
         <run_address>0x134af</run_address>
         <size>0x1a4</size>
         <input_file_ref idref="fl-d6"/>
      </object_component>
      <object_component id="oc-152">
         <name>.debug_info</name>
         <load_address>0x13653</load_address>
         <run_address>0x13653</run_address>
         <size>0x117</size>
         <input_file_ref idref="fl-d7"/>
      </object_component>
      <object_component id="oc-315">
         <name>.debug_info</name>
         <load_address>0x1376a</load_address>
         <run_address>0x1376a</run_address>
         <size>0x328</size>
         <input_file_ref idref="fl-da"/>
      </object_component>
      <object_component id="oc-255">
         <name>.debug_info</name>
         <load_address>0x13a92</load_address>
         <run_address>0x13a92</run_address>
         <size>0x1c6</size>
         <input_file_ref idref="fl-da"/>
      </object_component>
      <object_component id="oc-30b">
         <name>.debug_info</name>
         <load_address>0x13c58</load_address>
         <run_address>0x13c58</run_address>
         <size>0x182</size>
         <input_file_ref idref="fl-da"/>
      </object_component>
      <object_component id="oc-310">
         <name>.debug_info</name>
         <load_address>0x13dda</load_address>
         <run_address>0x13dda</run_address>
         <size>0x162</size>
         <input_file_ref idref="fl-da"/>
      </object_component>
      <object_component id="oc-443">
         <name>.debug_info</name>
         <load_address>0x13f3c</load_address>
         <run_address>0x13f3c</run_address>
         <size>0x2c</size>
         <input_file_ref idref="fl-da"/>
      </object_component>
      <object_component id="oc-2f3">
         <name>.debug_info</name>
         <load_address>0x13f68</load_address>
         <run_address>0x13f68</run_address>
         <size>0x10d</size>
         <input_file_ref idref="fl-db"/>
      </object_component>
      <object_component id="oc-276">
         <name>.debug_info</name>
         <load_address>0x14075</load_address>
         <run_address>0x14075</run_address>
         <size>0x547</size>
         <input_file_ref idref="fl-dc"/>
      </object_component>
      <object_component id="oc-161">
         <name>.debug_info</name>
         <load_address>0x145bc</load_address>
         <run_address>0x145bc</run_address>
         <size>0x19b</size>
         <input_file_ref idref="fl-dc"/>
      </object_component>
      <object_component id="oc-332">
         <name>.debug_info</name>
         <load_address>0x14757</load_address>
         <run_address>0x14757</run_address>
         <size>0x39</size>
         <input_file_ref idref="fl-dc"/>
      </object_component>
      <object_component id="oc-3c5">
         <name>.debug_info</name>
         <load_address>0x14790</load_address>
         <run_address>0x14790</run_address>
         <size>0x39</size>
         <input_file_ref idref="fl-dc"/>
      </object_component>
      <object_component id="oc-337">
         <name>.debug_info</name>
         <load_address>0x147c9</load_address>
         <run_address>0x147c9</run_address>
         <size>0x39</size>
         <input_file_ref idref="fl-dc"/>
      </object_component>
      <object_component id="oc-33c">
         <name>.debug_info</name>
         <load_address>0x14802</load_address>
         <run_address>0x14802</run_address>
         <size>0xcd</size>
         <input_file_ref idref="fl-dc"/>
      </object_component>
      <object_component id="oc-ba">
         <name>.debug_info</name>
         <load_address>0x148cf</load_address>
         <run_address>0x148cf</run_address>
         <size>0x148</size>
         <input_file_ref idref="fl-dd"/>
      </object_component>
      <object_component id="oc-3b3">
         <name>.debug_info</name>
         <load_address>0x14a17</load_address>
         <run_address>0x14a17</run_address>
         <size>0x8a6</size>
         <input_file_ref idref="fl-df"/>
      </object_component>
      <object_component id="oc-37f">
         <name>.debug_info</name>
         <load_address>0x152bd</load_address>
         <run_address>0x152bd</run_address>
         <size>0x213</size>
         <input_file_ref idref="fl-df"/>
      </object_component>
      <object_component id="oc-407">
         <name>.debug_info</name>
         <load_address>0x154d0</load_address>
         <run_address>0x154d0</run_address>
         <size>0x1a8</size>
         <input_file_ref idref="fl-df"/>
      </object_component>
      <object_component id="oc-40d">
         <name>.debug_info</name>
         <load_address>0x15678</load_address>
         <run_address>0x15678</run_address>
         <size>0x210</size>
         <input_file_ref idref="fl-df"/>
      </object_component>
      <object_component id="oc-38a">
         <name>.debug_info</name>
         <load_address>0x15888</load_address>
         <run_address>0x15888</run_address>
         <size>0x3b0</size>
         <input_file_ref idref="fl-df"/>
      </object_component>
      <object_component id="oc-414">
         <name>.debug_info</name>
         <load_address>0x15c38</load_address>
         <run_address>0x15c38</run_address>
         <size>0x2fa</size>
         <input_file_ref idref="fl-df"/>
      </object_component>
      <object_component id="oc-41a">
         <name>.debug_info</name>
         <load_address>0x15f32</load_address>
         <run_address>0x15f32</run_address>
         <size>0x20a</size>
         <input_file_ref idref="fl-df"/>
      </object_component>
      <object_component id="oc-390">
         <name>.debug_info</name>
         <load_address>0x1613c</load_address>
         <run_address>0x1613c</run_address>
         <size>0x20a</size>
         <input_file_ref idref="fl-df"/>
      </object_component>
      <object_component id="oc-396">
         <name>.debug_info</name>
         <load_address>0x16346</load_address>
         <run_address>0x16346</run_address>
         <size>0x2f9</size>
         <input_file_ref idref="fl-df"/>
      </object_component>
      <object_component id="oc-39c">
         <name>.debug_info</name>
         <load_address>0x1663f</load_address>
         <run_address>0x1663f</run_address>
         <size>0x4a5</size>
         <input_file_ref idref="fl-df"/>
      </object_component>
      <object_component id="oc-304">
         <name>.debug_info</name>
         <load_address>0x16ae4</load_address>
         <run_address>0x16ae4</run_address>
         <size>0x5cd</size>
         <input_file_ref idref="fl-df"/>
      </object_component>
      <object_component id="oc-3b4">
         <name>.debug_info</name>
         <load_address>0x170b1</load_address>
         <run_address>0x170b1</run_address>
         <size>0x86</size>
         <input_file_ref idref="fl-df"/>
      </object_component>
      <object_component id="oc-448">
         <name>.debug_info</name>
         <load_address>0x17137</load_address>
         <run_address>0x17137</run_address>
         <size>0x39</size>
         <input_file_ref idref="fl-df"/>
      </object_component>
      <object_component id="oc-484">
         <name>.debug_info</name>
         <load_address>0x17170</load_address>
         <run_address>0x17170</run_address>
         <size>0xb6</size>
         <input_file_ref idref="fl-df"/>
      </object_component>
      <object_component id="oc-44d">
         <name>.debug_info</name>
         <load_address>0x17226</load_address>
         <run_address>0x17226</run_address>
         <size>0x46</size>
         <input_file_ref idref="fl-df"/>
      </object_component>
      <object_component id="oc-3b9">
         <name>.debug_info</name>
         <load_address>0x1726c</load_address>
         <run_address>0x1726c</run_address>
         <size>0x46</size>
         <input_file_ref idref="fl-df"/>
      </object_component>
      <object_component id="oc-3d9">
         <name>.debug_info</name>
         <load_address>0x172b2</load_address>
         <run_address>0x172b2</run_address>
         <size>0x2ae</size>
         <input_file_ref idref="fl-e0"/>
      </object_component>
      <object_component id="oc-37a">
         <name>.debug_info</name>
         <load_address>0x17560</load_address>
         <run_address>0x17560</run_address>
         <size>0x171</size>
         <input_file_ref idref="fl-e0"/>
      </object_component>
      <object_component id="oc-456">
         <name>.debug_info</name>
         <load_address>0x176d1</load_address>
         <run_address>0x176d1</run_address>
         <size>0xee</size>
         <input_file_ref idref="fl-e1"/>
      </object_component>
      <object_component id="oc-3d6">
         <name>.debug_info</name>
         <load_address>0x177bf</load_address>
         <run_address>0x177bf</run_address>
         <size>0xfa</size>
         <input_file_ref idref="fl-e1"/>
      </object_component>
      <object_component id="oc-45f">
         <name>.debug_info</name>
         <load_address>0x178b9</load_address>
         <run_address>0x178b9</run_address>
         <size>0x290</size>
         <input_file_ref idref="fl-e2"/>
      </object_component>
      <object_component id="oc-3f7">
         <name>.debug_info</name>
[...]
      <symbol id="sm-440">
         <name>uxTaskPriorityGet</name>
         <value>0x4a9</value>
         <object_component_ref idref="oc-81"/>
      </symbol>
      <symbol id="sm-441">
         <name>xTaskResumeAll</name>
         <value>0x8bd</value>
         <object_component_ref idref="oc-81"/>
      </symbol>
      <symbol id="sm-442">
         <name>xTaskGetTickCount</name>
         <value>0x97d</value>
         <object_component_ref idref="oc-81"/>
      </symbol>
      <symbol id="sm-443">
         <name>xTaskGenericCreate</name>
         <value>0x201</value>
         <object_component_ref idref="oc-81"/>
      </symbol>
      <symbol id="sm-444">
         <name>uxTaskGetSystemState</name>
         <value>0x9b1</value>
         <object_component_ref idref="oc-81"/>
      </symbol>
      <symbol id="sm-445">
         <name>vTaskDelete</name>
         <value>0x309</value>
         <object_component_ref idref="oc-81"/>
      </symbol>
      <symbol id="sm-446">
         <name>pxCurrentTCB</name>
         <value>0x2000cda0</value>
         <object_component_ref idref="oc-7b"/>
      </symbol>
      <symbol id="sm-447">
         <name>vTaskNotifyGiveFromISR</name>
         <value>0x1829</value>
         <object_component_ref idref="oc-81"/>
      </symbol>
      <symbol id="sm-448">
         <name>vTaskSuspend</name>
         <value>0x631</value>
         <object_component_ref idref="oc-81"/>
      </symbol>
      <symbol id="sm-449">
         <name>xTaskGetTickCountFromISR</name>
         <value>0x98d</value>
         <object_component_ref idref="oc-81"/>
      </symbol>
      <symbol id="sm-44a">
         <name>vTaskResume</name>
         <value>0x725</value>
         <object_component_ref idref="oc-81"/>
      </symbol>
      <symbol id="sm-44b">
         <name>vTaskPlaceOnEventListRestricted</name>
         <value>0xcad</value>
         <object_component_ref idref="oc-81"/>
      </symbol>
      <symbol id="sm-44c">
         <name>vTaskSetTimeOutState</name>
         <value>0xe07</value>
         <object_component_ref idref="oc-81"/>
      </symbol>
      <symbol id="sm-44d">
         <name>xTaskIncrementTick</name>
         <value>0xa81</value>
         <object_component_ref idref="oc-81"/>
      </symbol>
      <symbol id="sm-44e">
         <name>vTaskSwitchContext</name>
         <value>0xb61</value>
         <object_component_ref idref="oc-81"/>
      </symbol>
      <symbol id="sm-44f">
         <name>uxTaskResetEventItemValue</name>
         <value>0x144d</value>
         <object_component_ref idref="oc-81"/>
      </symbol>
      <symbol id="sm-450">
         <name>xTaskGetSchedulerState</name>
         <value>0x12c1</value>
         <object_component_ref idref="oc-81"/>
      </symbol>
      <symbol id="sm-451">
         <name>xTaskResumeFromISR</name>
         <value>0x795</value>
         <object_component_ref idref="oc-81"/>
      </symbol>
      <symbol id="sm-452">
         <name>xTaskGetCurrentTaskHandle</name>
         <value>0x12a7</value>
         <object_component_ref idref="oc-81"/>
      </symbol>
      <symbol id="sm-453">
         <name>vTaskPlaceOnUnorderedEventList</name>
         <value>0xc35</value>
         <object_component_ref idref="oc-81"/>
      </symbol>
      <symbol id="sm-454">
         <name>xTaskRemoveFromEventList</name>
         <value>0xd15</value>
         <object_component_ref idref="oc-81"/>
      </symbol>
      <symbol id="sm-4d8">
         <name>xTimerCreateTimerTask</name>
         <value>0x2d2d</value>
         <object_component_ref idref="oc-e2"/>
      </symbol>
      <symbol id="sm-4d9">
         <name>pcTimerGetTimerName</name>
         <value>0x2e27</value>
         <object_component_ref idref="oc-e2"/>
      </symbol>
      <symbol id="sm-4da">
         <name>xTimerIsTimerActive</name>
         <value>0x31e5</value>
         <object_component_ref idref="oc-e2"/>
      </symbol>
      <symbol id="sm-4db">
         <name>xTimerCreate</name>
         <value>0x2d67</value>
         <object_component_ref idref="oc-e2"/>
      </symbol>
      <symbol id="sm-4dc">
         <name>xTimerGenericCommand</name>
         <value>0x2dbb</value>
         <object_component_ref idref="oc-e2"/>
      </symbol>
      <symbol id="sm-4dd">
         <name>pvTimerGetTimerID</name>
         <value>0x3211</value>
         <object_component_ref idref="oc-e2"/>
      </symbol>
      <symbol id="sm-4de">
         <name>vTimerSetTimerID</name>
         <value>0x322b</value>
         <object_component_ref idref="oc-e2"/>
      </symbol>
      <symbol id="sm-50e">
         <name>ulMaxSyscallInterruptPriority</name>
         <value>0x5cd0</value>
         <object_component_ref idref="oc-7e"/>
      </symbol>
      <symbol id="sm-50f">
         <name>vPortSetupTimerInterrupt</name>
         <value>0x45fb</value>
         <object_component_ref idref="oc-32"/>
      </symbol>
      <symbol id="sm-510">
         <name>vPortEndScheduler</name>
         <value>0x4595</value>
         <object_component_ref idref="oc-32"/>
      </symbol>
      <symbol id="sm-511">
         <name>xPortSysTickCount</name>
         <value>0x2000cdf0</value>
         <object_component_ref idref="oc-88"/>
      </symbol>
      <symbol id="sm-512">
         <name>xPortSysTickHandler</name>
         <value>0x45cd</value>
         <object_component_ref idref="oc-32"/>
      </symbol>
      <symbol id="sm-513">
         <name>pxPortInitialiseStack</name>
         <value>0x44f9</value>
         <object_component_ref idref="oc-32"/>
      </symbol>
      <symbol id="sm-514">
         <name>vPortExitCritical</name>
         <value>0x45b7</value>
         <object_component_ref idref="oc-32"/>
      </symbol>
      <symbol id="sm-515">
         <name>xPortStartScheduler</name>
         <value>0x455f</value>
         <object_component_ref idref="oc-32"/>
      </symbol>
      <symbol id="sm-516">
         <name>vPortEnterCritical</name>
         <value>0x4597</value>
         <object_component_ref idref="oc-32"/>
      </symbol>
      <symbol id="sm-525">
         <name>vPortStartFirstTask</name>
         <value>0x4c5d</value>
         <object_component_ref idref="oc-2d"/>
      </symbol>
      <symbol id="sm-526">
         <name>ulPortGetIPSR</name>
         <value>0x4bc5</value>
         <object_component_ref idref="oc-2d"/>
      </symbol>
      <symbol id="sm-527">
         <name>vPortEnableVFP</name>
         <value>0x4c79</value>
         <object_component_ref idref="oc-2d"/>
      </symbol>
      <symbol id="sm-528">
         <name>xPortPendSVHandler</name>
         <value>0x4bdd</value>
         <object_component_ref idref="oc-2d"/>
      </symbol>
      <symbol id="sm-529">
         <name>vPortSVCHandler</name>
         <value>0x4c3d</value>
         <object_component_ref idref="oc-2d"/>
      </symbol>
      <symbol id="sm-532">
         <name>Float_to_Int32</name>
         <value>0x237f</value>
         <object_component_ref idref="oc-264"/>
      </symbol>
      <symbol id="sm-543">
         <name>Task_Blink_LED_PortN_1</name>
         <value>0x53b5</value>
         <object_component_ref idref="oc-13e"/>
      </symbol>
      <symbol id="sm-576">
         <name>ReportData_Queue</name>
         <value>0x2000cdfc</value>
         <object_component_ref idref="oc-25a"/>
      </symbol>
      <symbol id="sm-577">
         <name>Task_ReportData</name>
         <value>0x3b85</value>
         <object_component_ref idref="oc-144"/>
      </symbol>
      <symbol id="sm-578">
         <name>ReportData_CurrentFormat</name>
         <value>0x2000ce00</value>
         <object_component_ref idref="oc-25a"/>
      </symbol>
      <symbol id="sm-579">
         <name>ReportData_SetOutputFormat</name>
         <value>0x3b71</value>
         <object_component_ref idref="oc-144"/>
      </symbol>
      <symbol id="sm-58f">
         <name>Task_ReportTime</name>
         <value>0x50a9</value>
         <object_component_ref idref="oc-14a"/>
      </symbol>
      <symbol id="sm-59e">
         <name>__aeabi_uidivmod</name>
         <value>0x55b5</value>
         <object_component_ref idref="oc-221"/>
      </symbol>
      <symbol id="sm-59f">
         <name>__aeabi_uidiv</name>
         <value>0x55b5</value>
         <object_component_ref idref="oc-221"/>
      </symbol>
      <symbol id="sm-5ae">
         <name>__aeabi_memset</name>
         <value>0x502f</value>
         <object_component_ref idref="oc-b3"/>
      </symbol>
      <symbol id="sm-5af">
         <name>memset</name>
         <value>0x5035</value>
         <object_component_ref idref="oc-b3"/>
      </symbol>
      <symbol id="sm-5b0">
         <name>__aeabi_memset8</name>
         <value>0x502f</value>
         <object_component_ref idref="oc-b3"/>
      </symbol>
      <symbol id="sm-5b1">
         <name>__aeabi_memset4</name>
         <value>0x502f</value>
         <object_component_ref idref="oc-b3"/>
      </symbol>
      <symbol id="sm-5b2">
         <name>__aeabi_memclr8</name>
         <value>0x502d</value>
         <object_component_ref idref="oc-b3"/>
      </symbol>
      <symbol id="sm-5b3">
         <name>__aeabi_memclr4</name>
         <value>0x502d</value>
         <object_component_ref idref="oc-b3"/>
      </symbol>
      <symbol id="sm-5b4">
         <name>__aeabi_memclr</name>
         <value>0x502d</value>
         <object_component_ref idref="oc-b3"/>
      </symbol>
      <symbol id="sm-5bf">
         <name>__aeabi_f2d</name>
         <value>0x571d</value>
         <object_component_ref idref="oc-24f"/>
      </symbol>
      <symbol id="sm-5da">
         <name>memcpy</name>
         <value>0x4def</value>
         <object_component_ref idref="oc-46"/>
      </symbol>
      <symbol id="sm-5db">
         <name>__aeabi_memcpy</name>
         <value>0x4def</value>
         <object_component_ref idref="oc-46"/>
      </symbol>
      <symbol id="sm-5dc">
         <name>__aeabi_memcpy8</name>
         <value>0x4def</value>
         <object_component_ref idref="oc-46"/>
      </symbol>
      <symbol id="sm-5dd">
         <name>__aeabi_memcpy4</name>
         <value>0x4def</value>
         <object_component_ref idref="oc-46"/>
      </symbol>
      <symbol id="sm-5f4">
         <name>__TI_zero_init</name>
         <value>0x58fd</value>
         <object_component_ref idref="oc-58"/>
      </symbol>
      <symbol id="sm-60b">
         <name>__TI_decompress_none</name>
         <value>0x58e3</value>
         <object_component_ref idref="oc-18"/>
      </symbol>
      <symbol id="sm-62e">
         <name>__TI_decompress_lzss</name>
         <value>0x5187</value>
         <object_component_ref idref="oc-12"/>
      </symbol>
      <symbol id="sm-641">
         <name>__stack</name>
         <value>0x2000c5a0</value>
         <object_component_ref idref="oc-21"/>
      </symbol>
      <symbol id="sm-642">
         <name>_c_int00_noargs</name>
         <value>0x56e5</value>
         <object_component_ref idref="oc-64"/>
      </symbol>
      <symbol id="sm-64d">
         <name>C$$EXIT</name>
         <value>0x5947</value>
         <object_component_ref idref="oc-151"/>
      </symbol>
      <symbol id="sm-64e">
         <name>abort</name>
         <value>0x5947</value>
         <object_component_ref idref="oc-151"/>
      </symbol>
      <symbol id="sm-677">
         <name>sprintf</name>
         <value>0x55f5</value>
         <object_component_ref idref="oc-254"/>
      </symbol>
      <symbol id="sm-681">
         <name>__aeabi_idiv0</name>
         <value>0x40e3</value>
         <object_component_ref idref="oc-2f0"/>
      </symbol>
      <symbol id="sm-682">
         <name>__aeabi_ldiv0</name>
         <value>0x40e3</value>
         <object_component_ref idref="oc-2f0"/>
      </symbol>
      <symbol id="sm-6aa">
         <name>__TI_auto_init_nobinit_nopinit</name>
         <value>0x5571</value>
         <object_component_ref idref="oc-15d"/>
      </symbol>
      <symbol id="sm-6b4">
         <name>_system_pre_init</name>
         <value>0x5943</value>
         <object_component_ref idref="oc-b9"/>
      </symbol>
      <symbol id="sm-81a">
         <name>__TI_printfi</name>
         <value>0x1921</value>
         <object_component_ref idref="oc-302"/>
      </symbol>
      <symbol id="sm-830">
         <name>atoi</name>
         <value>0x5405</value>
         <object_component_ref idref="oc-377"/>
      </symbol>
      <symbol id="sm-83b">
         <name>_ctypes_</name>
         <value>0x5a6c</value>
         <object_component_ref idref="oc-3d5"/>
      </symbol>
      <symbol id="sm-84a">
         <name>ltoa</name>
         <value>0x530f</value>
         <object_component_ref idref="oc-3f5"/>
      </symbol>
      <symbol id="sm-85a">
         <name>memccpy</name>
         <value>0x5821</value>
         <object_component_ref idref="oc-3a0"/>
      </symbol>
      <symbol id="sm-86a">
         <name>strchr</name>
         <value>0x586d</value>
         <object_component_ref idref="oc-42c"/>
      </symbol>
      <symbol id="sm-878">
         <name>strlen</name>
         <value>0x58ab</value>
         <object_component_ref idref="oc-371"/>
      </symbol>
      <symbol id="sm-898">
         <name>frexpl</name>
         <value>0x5255</value>
         <object_component_ref idref="oc-420"/>
      </symbol>
      <symbol id="sm-899">
         <name>frexp</name>
         <value>0x5255</value>
         <object_component_ref idref="oc-420"/>
      </symbol>
      <symbol id="sm-8b6">
         <name>scalbn</name>
         <value>0x49a9</value>
         <object_component_ref idref="oc-426"/>
      </symbol>
      <symbol id="sm-8b7">
         <name>scalbnl</name>
         <value>0x49a9</value>
         <object_component_ref idref="oc-426"/>
      </symbol>
      <symbol id="sm-8b8">
         <name>ldexpl</name>
         <value>0x49a9</value>
         <object_component_ref idref="oc-426"/>
      </symbol>
      <symbol id="sm-8b9">
         <name>ldexp</name>
         <value>0x49a9</value>
         <object_component_ref idref="oc-426"/>
      </symbol>
      <symbol id="sm-8c3">
         <name>copysign</name>
         <value>0x5897</value>
         <object_component_ref idref="oc-46d"/>
      </symbol>
      <symbol id="sm-8c4">
         <name>copysignl</name>
         <value>0x5897</value>
         <object_component_ref idref="oc-46d"/>
      </symbol>
      <symbol id="sm-8dd">
         <name>wcslen</name>
         <value>0x58d1</value>
         <object_component_ref idref="oc-3a6"/>
      </symbol>
      <symbol id="sm-8f4">
         <name>__aeabi_dsub</name>
         <value>0x3f2d</value>
         <object_component_ref idref="oc-400"/>
      </symbol>
      <symbol id="sm-8f5">
         <name>__aeabi_dadd</name>
         <value>0x3f37</value>
         <object_component_ref idref="oc-400"/>
      </symbol>
      <symbol id="sm-917">
         <name>__aeabi_cdcmpeq</name>
         <value>0x4f21</value>
         <object_component_ref idref="oc-383"/>
      </symbol>
      <symbol id="sm-918">
         <name>__aeabi_cdcmple</name>
         <value>0x4f21</value>
         <object_component_ref idref="oc-383"/>
      </symbol>
      <symbol id="sm-919">
         <name>__aeabi_cdrcmple</name>
         <value>0x4fa7</value>
         <object_component_ref idref="oc-3eb"/>
      </symbol>
      <symbol id="sm-92d">
         <name>__aeabi_ddiv</name>
         <value>0x43c1</value>
         <object_component_ref idref="oc-3e6"/>
      </symbol>
      <symbol id="sm-938">
         <name>__aeabi_dmul</name>
         <value>0x4ab9</value>
         <object_component_ref idref="oc-3e1"/>
      </symbol>
      <symbol id="sm-942">
         <name>__aeabi_d2iz</name>
         <value>0x54e1</value>
         <object_component_ref idref="oc-3f0"/>
      </symbol>
      <symbol id="sm-94c">
         <name>__aeabi_i2d</name>
         <value>0x5789</value>
         <object_component_ref idref="oc-3fb"/>
      </symbol>
      <symbol id="sm-959">
         <name>__aeabi_uldivmod</name>
         <value>0x4e8b</value>
         <object_component_ref idref="oc-3da"/>
      </symbol>
      <symbol id="sm-96f">
         <name>__aeabi_errno_addr</name>
         <value>0x5929</value>
         <object_component_ref idref="oc-3ac"/>
      </symbol>
      <symbol id="sm-970">
         <name>errno</name>
         <value>0x2000ce0c</value>
         <object_component_ref idref="oc-43c"/>
      </symbol>
      <symbol id="sm-9bf">
         <name>GPIOPinConfigure</name>
         <value>0x5451</value>
         <object_component_ref idref="oc-1e4"/>
      </symbol>
      <symbol id="sm-9c0">
         <name>GPIOPinTypeUART</name>
         <value>0x58bf</value>
         <object_component_ref idref="oc-1ea"/>
      </symbol>
      <symbol id="sm-9c1">
         <name>GPIOPinTypeGPIOOutput</name>
         <value>0x583d</value>
         <object_component_ref idref="oc-235"/>
      </symbol>
      <symbol id="sm-9c2">
         <name>GPIOPinRead</name>
         <value>0x5931</value>
         <object_component_ref idref="oc-241"/>
      </symbol>
      <symbol id="sm-9c3">
         <name>GPIODirModeSet</name>
         <value>0x57b7</value>
         <object_component_ref idref="oc-2d4"/>
      </symbol>
      <symbol id="sm-9c4">
         <name>GPIOPinWrite</name>
         <value>0x5937</value>
         <object_component_ref idref="oc-247"/>
      </symbol>
      <symbol id="sm-9c5">
         <name>GPIOPadConfigSet</name>
         <value>0x462d</value>
         <object_component_ref idref="oc-23b"/>
      </symbol>
      <symbol id="sm-a40">
         <name>SysCtlPeripheralPresent</name>
         <value>0x56ad</value>
         <object_component_ref idref="oc-1fa"/>
      </symbol>
      <symbol id="sm-a41">
         <name>SysCtlPeripheralEnable</name>
         <value>0x5755</value>
         <object_component_ref idref="oc-1de"/>
      </symbol>
      <symbol id="sm-a42">
         <name>SysCtlClockFreqSet</name>
         <value>0x396d</value>
         <object_component_ref idref="oc-1d4"/>
      </symbol>
      <symbol id="sm-a7d">
         <name>UARTConfigSetExpClk</name>
         <value>0x5529</value>
         <object_component_ref idref="oc-200"/>
      </symbol>
      <symbol id="sm-a7e">
         <name>UARTDisable</name>
         <value>0x57e1</value>
         <object_component_ref idref="oc-2e0"/>
      </symbol>
      <symbol id="sm-a7f">
         <name>UARTClockSourceSet</name>
         <value>0x593d</value>
         <object_component_ref idref="oc-1f0"/>
      </symbol>
      <symbol id="sm-a80">
         <name>UARTCharPut</name>
         <value>0x5913</value>
         <object_component_ref idref="oc-20c"/>
      </symbol>
      <symbol id="sm-a81">
         <name>UARTEnable</name>
         <value>0x5883</value>
         <object_component_ref idref="oc-206"/>
      </symbol>
      <symbol id="sm-a82">
         <name>UARTCharGet</name>
         <value>0x5909</value>
         <object_component_ref idref="oc-212"/>
      </symbol>
      <symbol id="sm-a84">
         <name>__TI_static_base__</name>
         <value>0x0</value>
      </symbol>
      <symbol id="sm-a87">
         <name>__mpu_init</name>
         <value>0x0</value>
      </symbol>
      <symbol id="sm-a88">
         <name>_system_post_cinit</name>
         <value>0x0</value>
      </symbol>
   </symbol_table>
   <title>Link successful</title>
</link_info>
