******************************************************************************
                  TI ARM Linker PC v18.1.2                     
******************************************************************************
>> Linked Thu Aug 23 17:26:20 2018

OUTPUT FILE NAME:   <EECS_388_Base_Project_Fa18.out>
ENTRY POINT SYMBOL: "_c_int00_noargs"  address: 000056e5


MEMORY CONFIGURATION

         name            origin    length      used     unused   attr    fill
----------------------  --------  ---------  --------  --------  ----  --------
  FLASH                 00000000   00100000  00005d16  000fa2ea  R  X
  SRAM                  20000000   00040000  0000ce10  000331f0  RW X


SEGMENT ALLOCATION MAP

run origin  load origin   length   init length attrs members
----------  ----------- ---------- ----------- ----- -------
00000000    00000000    00005d18   00005d18    r-x
  00000000    00000000    00000200   00000200    r-- .intvecs
  00000200    00000200    0000574a   0000574a    r-x .text
  0000594c    0000594c    0000038c   0000038c    r-- .const
  00005cd8    00005cd8    00000040   00000040    r-- .cinit
20000000    20000000    0000ce10   00000000    rw-
  20000000    20000000    0000c5a0   00000000    rw- .bss
  2000c5a0    2000c5a0    00000800   00000000    rw- .stack
  2000cda0    2000cda0    00000070   00000000    rw- .data


SECTION ALLOCATION MAP

 output                                  attributes/
section   page    origin      length       input sections
--------  ----  ----------  ----------   ----------------
.intvecs   0    00000000    00000200     
                  00000000    00000200     TM4C_Base_Fa18_Startup.obj (.intvecs)

.text      0    00000200    0000574a     
                  00000200    00001720     tasks.obj (.text)
                  00001920    00000a5e     rtsv7M4_T_le_v4SPD16_eabi.lib : _printfi.c.obj (.text:__TI_printfi)
                  0000237e    00000002     Float_to_Int32.obj (.text)
                  00002380    000009ac     queue.obj (.text)
                  00002d2c    00000534     timers.obj (.text)
                  00003260    0000049c     uartstdio.obj (.text)
                  000036fc    00000270     rtsv7M4_T_le_v4SPD16_eabi.lib : _printfi.c.obj (.text:_pconv_a)
                  0000396c    00000204     driverlib.lib : sysctl.obj (.text:SysCtlClockFreqSet)
                  00003b70    000001ec     Task_ReportData.obj (.text)
                  00003d5c    000001d0     rtsv7M4_T_le_v4SPD16_eabi.lib : _printfi.c.obj (.text:_pconv_g)
                  00003f2c    000001b6                                   : fd_add_t2.asm.obj (.text)
                  000040e2    00000002                                   : div0.asm.obj (.text)
                  000040e4    000001a0     heap_2.obj (.text)
                  00004284    0000013c     rtsv7M4_T_le_v4SPD16_eabi.lib : _printfi.c.obj (.text:_pconv_e)
                  000043c0    00000136                                   : fd_div_t2.asm.obj (.text)
                  000044f6    00000002     --HOLE-- [fill = 0]
                  000044f8    00000134     port.obj (.text)
                  0000462c    00000132     driverlib.lib : gpio.obj (.text:GPIOPadConfigSet)
                  0000475e    0000012a     list.obj (.text)
                  00004888    00000120     rtsv7M4_T_le_v4SPD16_eabi.lib : _printfi.c.obj (.text:fcvt)
                  000049a8    00000110                                   : s_scalbn.c.obj (.text:scalbn)
                  00004ab8    000000fc                                   : fd_mul_t2.asm.obj (.text)
                  00004bb4    000000d2     portasm.obj (.text)
                  00004c86    00000002     --HOLE-- [fill = 0]
                  00004c88    000000b4     EECS_388_Program_Base_Fa18.obj (.text)
                  00004d3c    000000b1     rtsv7M4_T_le_v4SPD16_eabi.lib : _printfi.c.obj (.text:_ltostr)
                  00004ded    00000001     --HOLE-- [fill = 0]
                  00004dee    0000009c                                   : memcpy_t2.asm.obj (.text)
                  00004e8a    00000096                                   : ull_div_t2.asm.obj (.text)
                  00004f20    00000086                                   : fd_cmp_t2.asm.obj (.text:__aeabi_cdcmple)
                  00004fa6    00000086                                   : fd_cmp_t2.asm.obj (.text:__aeabi_cdrcmple)
                  0000502c    0000007a                                   : memset_t2.asm.obj (.text)
                  000050a6    00000002     --HOLE-- [fill = 0]
                  000050a8    00000070     Task_ReportTime.obj (.text)
                  00005118    0000006e     rtsv7M4_T_le_v4SPD16_eabi.lib : _printfi.c.obj (.text:_mcpy)
                  00005186    00000068                                   : copy_decompress_lzss.c.obj (.text:decompress:lzss:__TI_decompress_lzss)
                  000051ee    00000002     --HOLE-- [fill = 0]
                  000051f0    00000064     UARTStdio_Initialization_TM4C1294.obj (.text)
                  00005254    00000064     rtsv7M4_T_le_v4SPD16_eabi.lib : s_frexp.c.obj (.text:frexp)
                  000052b8    00000056                                   : _printfi.c.obj (.text:_pconv_f)
                  0000530e    00000054                                   : ltoa.c.obj (.text:ltoa)
                  00005362    00000052                                   : _printfi.c.obj (.text:_ecpy)
                  000053b4    00000050     Task_Blinky_PortN_1.obj (.text)
                  00005404    0000004c     rtsv7M4_T_le_v4SPD16_eabi.lib : atoi.c.obj (.text:atoi)
                  00005450    00000048     driverlib.lib : gpio.obj (.text:GPIOPinConfigure)
                  00005498    00000048                   : sysctl.obj (.text:_SysCtlFrequencyGet)
                  000054e0    00000048     rtsv7M4_T_le_v4SPD16_eabi.lib : fd_toi_t2.asm.obj (.text)
                  00005528    00000046     driverlib.lib : uart.obj (.text:UARTConfigSetExpClk)
                  0000556e    00000002     --HOLE-- [fill = 0]
                  00005570    00000044     rtsv7M4_T_le_v4SPD16_eabi.lib : autoinit.c.obj (.text:__TI_auto_init_nobinit_nopinit:__TI_auto_init_nobinit_nopinit)
                  000055b4    00000040                                   : u_divt2.asm.obj (.text)
                  000055f4    00000040                                   : sprintf.c.obj (.text:sprintf)
                  00005634    0000003e                                   : _printfi.c.obj (.text:_fcpy)
                  00005672    00000002     --HOLE-- [fill = 0]
                  00005674    00000038     Processor_Initialization_TM4C1294.obj (.text)
                  000056ac    00000038     driverlib.lib : sysctl.obj (.text:SysCtlPeripheralPresent)
                  000056e4    00000038     rtsv7M4_T_le_v4SPD16_eabi.lib : boot_cortex_m.c.obj (.text:_c_int00_noargs:_c_int00_noargs)
                  0000571c    00000038                                   : fs_tod_t2.asm.obj (.text)
                  00005754    00000034     driverlib.lib : sysctl.obj (.text:SysCtlPeripheralEnable)
                  00005788    0000002e     rtsv7M4_T_le_v4SPD16_eabi.lib : i_tofd_t2.asm.obj (.text)
                  000057b6    0000002a     driverlib.lib : gpio.obj (.text:GPIODirModeSet)
                  000057e0    00000020                   : uart.obj (.text:UARTDisable)
                  00005800    00000020                   : sysctl.obj (.text:_SysCtlMemTimingGet)
                  00005820    0000001c     rtsv7M4_T_le_v4SPD16_eabi.lib : memccpy.c.obj (.text:memccpy)
                  0000583c    00000018     driverlib.lib : gpio.obj (.text:GPIOPinTypeGPIOOutput)
                  00005854    00000018     rtsv7M4_T_le_v4SPD16_eabi.lib : sprintf.c.obj (.text:_outs)
                  0000586c    00000016                                   : strchr.c.obj (.text:strchr)
                  00005882    00000014     driverlib.lib : uart.obj (.text:UARTEnable)
                  00005896    00000014     rtsv7M4_T_le_v4SPD16_eabi.lib : s_copysign.c.obj (.text:copysign)
                  000058aa    00000014                                   : strlen.c.obj (.text:strlen)
                  000058be    00000012     driverlib.lib : gpio.obj (.text:GPIOPinTypeUART)
                  000058d0    00000012     rtsv7M4_T_le_v4SPD16_eabi.lib : wcslen.c.obj (.text:wcslen)
                  000058e2    0000000e                                   : copy_decompress_none.c.obj (.text:decompress:none:__TI_decompress_none)
                  000058f0    0000000c     TM4C_Base_Fa18_Startup.obj (.text)
                  000058fc    0000000c     rtsv7M4_T_le_v4SPD16_eabi.lib : copy_zero_init.c.obj (.text:decompress:ZI:__TI_zero_init)
                  00005908    0000000a     driverlib.lib : uart.obj (.text:UARTCharGet)
                  00005912    0000000a                   : uart.obj (.text:UARTCharPut)
                  0000591c    0000000a     rtsv7M4_T_le_v4SPD16_eabi.lib : sprintf.c.obj (.text:_outc)
                  00005926    00000002     --HOLE-- [fill = 0]
                  00005928    00000008                                   : errno.c.obj (.text:__aeabi_errno_addr)
                  00005930    00000006     driverlib.lib : gpio.obj (.text:GPIOPinRead)
                  00005936    00000006                   : gpio.obj (.text:GPIOPinWrite)
                  0000593c    00000006                   : uart.obj (.text:UARTClockSourceSet)
                  00005942    00000004     rtsv7M4_T_le_v4SPD16_eabi.lib : pre_init.c.obj (.text:_system_pre_init)
                  00005946    00000004                                   : exit.c.obj (.text:abort:abort)

.const     0    0000594c    0000038c     
                  0000594c    00000120     driverlib.lib : sysctl.obj (.const:g_pppui32XTALtoVCO)
                  00005a6c    00000101     rtsv7M4_T_le_v4SPD16_eabi.lib : ctype.c.obj (.const:.string:_ctypes_)
                  00005b6d    00000003     --HOLE-- [fill = 0]
                  00005b70    00000090     driverlib.lib : gpio.obj (.const:g_pui32GPIOBaseAddrs)
                  00005c00    0000006c                   : sysctl.obj (.const:g_pui32Xtals)
                  00005c6c    00000030                   : sysctl.obj (.const:g_sXTALtoMEMTIM)
                  00005c9c    00000012     uartstdio.obj (.const:.string)
                  00005cae    00000002     --HOLE-- [fill = 0]
                  00005cb0    0000000c     uartstdio.obj (.const:g_ui32UARTBase)
                  00005cbc    0000000c     uartstdio.obj (.const:g_ui32UARTPeriph)
                  00005cc8    00000008     driverlib.lib : sysctl.obj (.const)
                  00005cd0    00000004     port.obj (.const)
                  00005cd4    00000004     uartstdio.obj (.const)

.cinit     0    00005cd8    00000040     
                  00005cd8    00000015     (.cinit..data.load) [load image, compression = lzss]
                  00005ced    00000003     --HOLE-- [fill = 0]
                  00005cf0    0000000c     (__TI_handler_table)
                  00005cfc    00000004     --HOLE-- [fill = 0]
                  00005d00    00000008     (.cinit..bss.load) [load image, compression = zero_init]
                  00005d08    00000010     (__TI_cinit_table)

.init_array 
*          0    00000000    00000000     UNINITIALIZED

.bss       0    20000000    0000c5a0     UNINITIALIZED
                  20000000    0000c350     heap_2.obj (.bss:xHeap)
                  2000c350    00000100     TM4C_Base_Fa18_Startup.obj (.bss:pulStack)
                  2000c450    00000064     tasks.obj (.bss:pxReadyTasksLists)
                  2000c4b4    00000040     (.common:xQueueRegistry)
                  2000c4f4    00000014     timers.obj (.bss:xActiveTimerList1)
                  2000c508    00000014     timers.obj (.bss:xActiveTimerList2)
                  2000c51c    00000014     tasks.obj (.bss:xDelayedTaskList1)
                  2000c530    00000014     tasks.obj (.bss:xDelayedTaskList2)
                  2000c544    00000014     tasks.obj (.bss:xPendingReadyList)
                  2000c558    00000014     tasks.obj (.bss:xSuspendedTaskList)
                  2000c56c    00000014     tasks.obj (.bss:xTasksWaitingTermination)
                  2000c580    00000008     tasks.obj (.bss)
                  2000c588    00000008     timers.obj (.bss)
                  2000c590    00000008     heap_2.obj (.bss:xEnd)
                  2000c598    00000008     heap_2.obj (.bss:xStart)

.data      0    2000cda0    00000070     UNINITIALIZED
                  2000cda0    00000030     tasks.obj (.data)
                  2000cdd0    0000000c     Processor_Initialization_TM4C1294.obj (.data)
                  2000cddc    00000008     UARTStdio_Initialization_TM4C1294.obj (.data)
                  2000cde4    00000008     heap_2.obj (.data)
                  2000cdec    00000008     port.obj (.data)
                  2000cdf4    00000008     timers.obj (.data)
                  2000cdfc    00000005     Task_ReportData.obj (.data)
                  2000ce01    00000003     --HOLE--
                  2000ce04    00000005     uartstdio.obj (.data)
                  2000ce09    00000003     --HOLE--
                  2000ce0c    00000004     rtsv7M4_T_le_v4SPD16_eabi.lib : errno.c.obj (.data)

.stack     0    2000c5a0    00000800     UNINITIALIZED
                  2000c5a0    00000004     rtsv7M4_T_le_v4SPD16_eabi.lib : boot_cortex_m.c.obj (.stack)
                  2000c5a4    000007fc     --HOLE--

MODULE SUMMARY

       Module                                  code    ro data   rw data
       ------                                  ----    -------   -------
    .\
       heap_2.obj                              416     0         50024  
       TM4C_Base_Fa18_Startup.obj              12      512       256    
       EECS_388_Program_Base_Fa18.obj          180     0         0      
    +--+---------------------------------------+-------+---------+---------+
       Total:                                  608     512       50280  
                                                                        
    .\Drivers\
       uartstdio.obj                           1180    46        5      
       UARTStdio_Initialization_TM4C1294.obj   100     0         8      
       Processor_Initialization_TM4C1294.obj   56      0         12     
    +--+---------------------------------------+-------+---------+---------+
       Total:                                  1336    46        25     
                                                                        
    .\Source\
       tasks.obj                               5920    0         256    
       queue.obj                               2476    0         64     
       timers.obj                              1332    0         56     
       list.obj                                298     0         0      
    +--+---------------------------------------+-------+---------+---------+
       Total:                                  10026   0         376    
                                                                        
    .\Source\portable\CCS\ARM_CM4F\
       port.obj                                308     4         8      
       portasm.obj                             210     0         0      
    +--+---------------------------------------+-------+---------+---------+
       Total:                                  518     4         8      
                                                                        
    .\Tasks\
       Task_ReportData.obj                     492     0         5      
       Task_ReportTime.obj                     112     0         0      
       Task_Blinky_PortN_1.obj                 80      0         0      
       Float_to_Int32.obj                      2       0         0      
    +--+---------------------------------------+-------+---------+---------+
       Total:                                  686     0         5      
                                                                        
    C:/TI_CodeComposer/TivaWare/driverlib/ccs/Debug/driverlib.lib
       sysctl.obj                              728     452       0      
       gpio.obj                                474     144       0      
       uart.obj                                148     0         0      
    +--+---------------------------------------+-------+---------+---------+
       Total:                                  1350    596       0      
                                                                        
    C:\TI_CodeComposer\ccsv8\tools\compiler\ti-cgt-arm_18.1.2.LTS\lib\rtsv7M4_T_le_v4SPD16_eabi.lib
       _printfi.c.obj                          4863    0         0      
       fd_add_t2.asm.obj                       438     0         0      
       fd_div_t2.asm.obj                       310     0         0      
       s_scalbn.c.obj                          272     0         0      
       fd_cmp_t2.asm.obj                       268     0         0      
       ctype.c.obj                             0       257       0      
       fd_mul_t2.asm.obj                       252     0         0      
       memcpy_t2.asm.obj                       156     0         0      
       ull_div_t2.asm.obj                      150     0         0      
       memset_t2.asm.obj                       122     0         0      
       copy_decompress_lzss.c.obj              104     0         0      
       s_frexp.c.obj                           100     0         0      
       sprintf.c.obj                           98      0         0      
       ltoa.c.obj                              84      0         0      
       atoi.c.obj                              76      0         0      
       fd_toi_t2.asm.obj                       72      0         0      
       autoinit.c.obj                          68      0         0      
       u_divt2.asm.obj                         64      0         0      
       boot_cortex_m.c.obj                     56      0         0      
       fs_tod_t2.asm.obj                       56      0         0      
       i_tofd_t2.asm.obj                       46      0         0      
       memccpy.c.obj                           28      0         0      
       strchr.c.obj                            22      0         0      
       s_copysign.c.obj                        20      0         0      
       strlen.c.obj                            20      0         0      
       wcslen.c.obj                            18      0         0      
       copy_decompress_none.c.obj              14      0         0      
       copy_zero_init.c.obj                    12      0         0      
       errno.c.obj                             8       0         4      
       exit.c.obj                              4       0         0      
       pre_init.c.obj                          4       0         0      
       div0.asm.obj                            2       0         0      
    +--+---------------------------------------+-------+---------+---------+
       Total:                                  7807    257       4      
                                                                        
       Stack:                                  0       0         2048   
       Linker Generated:                       0       57        0      
    +--+---------------------------------------+-------+---------+---------+
       Grand Total:                            22331   1472      52746  


LINKER GENERATED COPY TABLES

__TI_cinit_table @ 00005d08 records: 2, size/record: 8, table size: 16
	.data: load addr=00005cd8, load size=00000015 bytes, run addr=2000cda0, run size=00000070 bytes, compression=lzss
	.bss: load addr=00005d00, load size=00000008 bytes, run addr=20000000, run size=0000c5a0 bytes, compression=zero_init


LINKER GENERATED HANDLER TABLE

__TI_handler_table @ 00005cf0 records: 3, size/record: 4, table size: 12
	index: 0, handler: __TI_decompress_lzss
	index: 1, handler: __TI_decompress_none
	index: 2, handler: __TI_zero_init


GLOBAL SYMBOLS: SORTED ALPHABETICALLY BY Name 

address   name                             
-------   ----                             
00005947  C$$EXIT                          
2000cdd8  FPUInitFlag                      
0000237f  Float_to_Int32                   
000057b7  GPIODirModeSet                   
0000462d  GPIOPadConfigSet                 
00005451  GPIOPinConfigure                 
00005931  GPIOPinRead                      
0000583d  GPIOPinTypeGPIOOutput            
000058bf  GPIOPinTypeUART                  
00005937  GPIOPinWrite                     
2000cdd4  ProcessorInitFlag                
00005675  Processor_Initialization         
2000ce00  ReportData_CurrentFormat         
2000cdfc  ReportData_Queue                 
00003b71  ReportData_SetOutputFormat       
000058f1  ResetISR                         
0000396d  SysCtlClockFreqSet               
00005755  SysCtlPeripheralEnable           
000056ad  SysCtlPeripheralPresent          
000053b5  Task_Blink_LED_PortN_1           
00003b85  Task_ReportData                  
000050a9  Task_ReportTime                  
00005909  UARTCharGet                      
00005913  UARTCharPut                      
0000593d  UARTClockSourceSet               
00005529  UARTConfigSetExpClk              
000057e1  UARTDisable                      
00005883  UARTEnable                       
00003261  UARTStdioConfig                  
2000cddc  UARTStdioInitFlag                
000051f1  UARTStdio_Initialization         
000033a7  UARTgetc                         
000032ed  UARTgets                         
000036c7  UARTprintf                       
000033cd  UARTvprintf                      
000032a7  UARTwrite                        
2000cda0  __STACK_END                      
00000800  __STACK_SIZE                     
2000c7a0  __STACK_TOP                      
00005d08  __TI_CINIT_Base                  
00005d18  __TI_CINIT_Limit                 
00005cf0  __TI_Handler_Table_Base          
00005cfc  __TI_Handler_Table_Limit         
00005571  __TI_auto_init_nobinit_nopinit   
00005187  __TI_decompress_lzss             
000058e3  __TI_decompress_none             
ffffffff  __TI_pprof_out_hndl              
00001921  __TI_printfi                     
ffffffff  __TI_prof_data_size              
ffffffff  __TI_prof_data_start             
00000000  __TI_static_base__               
000058fd  __TI_zero_init                   
00004f21  __aeabi_cdcmpeq                  
00004f21  __aeabi_cdcmple                  
00004fa7  __aeabi_cdrcmple                 
000054e1  __aeabi_d2iz                     
00003f37  __aeabi_dadd                     
000043c1  __aeabi_ddiv                     
00004ab9  __aeabi_dmul                     
00003f2d  __aeabi_dsub                     
00005929  __aeabi_errno_addr               
0000571d  __aeabi_f2d                      
00005789  __aeabi_i2d                      
000040e3  __aeabi_idiv0                    
000040e3  __aeabi_ldiv0                    
0000502d  __aeabi_memclr                   
0000502d  __aeabi_memclr4                  
0000502d  __aeabi_memclr8                  
00004def  __aeabi_memcpy                   
00004def  __aeabi_memcpy4                  
00004def  __aeabi_memcpy8                  
0000502f  __aeabi_memset                   
0000502f  __aeabi_memset4                  
0000502f  __aeabi_memset8                  
000055b5  __aeabi_uidiv                    
000055b5  __aeabi_uidivmod                 
00004e8b  __aeabi_uldivmod                 
ffffffff  __binit__                        
ffffffff  __c_args__                       
UNDEFED   __mpu_init                       
2000c5a0  __stack                          
000056e5  _c_int00_noargs                  
00005a6c  _ctypes_                         
UNDEFED   _system_post_cinit               
00005943  _system_pre_init                 
00005947  abort                            
00005405  atoi                             
ffffffff  binit                            
00005897  copysign                         
00005897  copysignl                        
2000ce0c  errno                            
00005255  frexp                            
00005255  frexpl                           
00000000  g_pfnVectors                     
2000cdd0  g_ulSystemClock                  
000049a9  ldexp                            
000049a9  ldexpl                           
0000530f  ltoa                             
00004c89  main                             
00005821  memccpy                          
00004def  memcpy                           
00005035  memset                           
00002e27  pcTimerGetTimerName              
000040e5  pvPortMalloc                     
0000146f  pvTaskIncrementMutexHeldCount    
00003211  pvTimerGetTimerID                
2000cda0  pxCurrentTCB                     
000044f9  pxPortInitialiseStack            
000049a9  scalbn                           
000049a9  scalbnl                          
000055f5  sprintf                          
0000586d  strchr                           
000058ab  strlen                           
2000cde0  theSystemClockFrequency          
00002a47  ucQueueGetQueueType              
00005cd0  ulMaxSyscallInterruptPriority    
00004bc5  ulPortGetIPSR                    
00001487  ulTaskNotifyTake                 
00004841  uxListRemove                     
00002a27  uxQueueGetQueueNumber            
000029c9  uxQueueMessagesWaiting           
000029ff  uxQueueMessagesWaitingFromISR    
000029df  uxQueueSpacesAvailable           
000009a1  uxTaskGetNumberOfTasks           
000009b1  uxTaskGetSystemState             
00000ead  uxTaskGetTaskNumber              
000004a9  uxTaskPriorityGet                
000004d5  uxTaskPriorityGetFromISR         
0000144d  uxTaskResetEventItemValue        
0000475f  vListInitialise                  
0000478f  vListInitialiseItem              
000047db  vListInsert                      
0000479f  vListInsertEnd                   
00004c79  vPortEnableVFP                   
00004595  vPortEndScheduler                
00004597  vPortEnterCritical               
000045b7  vPortExitCritical                
00004203  vPortFree                        
00004267  vPortInitialiseBlocks            
00004c3d  vPortSVCHandler                  
000045fb  vPortSetupTimerInterrupt         
00004c5d  vPortStartFirstTask              
00002c55  vQueueAddToRegistry              
00002a11  vQueueDelete                     
00002a35  vQueueSetQueueNumber             
00002c97  vQueueUnregisterQueue            
00002cd1  vQueueWaitForMessageRestricted   
0000044d  vTaskDelay                       
000003a5  vTaskDelayUntil                  
00000309  vTaskDelete                      
00000889  vTaskEndScheduler                
00000e9f  vTaskMissedYield                 
00001829  vTaskNotifyGiveFromISR           
00000bd9  vTaskPlaceOnEventList            
00000cad  vTaskPlaceOnEventListRestricted  
00000c35  vTaskPlaceOnUnorderedEventList   
000012f5  vTaskPriorityInherit             
0000052d  vTaskPrioritySet                 
00000725  vTaskResume                      
00000ed1  vTaskSetTaskNumber               
00000e07  vTaskSetTimeOutState             
00000821  vTaskStartScheduler              
00000631  vTaskSuspend                     
000008a5  vTaskSuspendAll                  
00000b61  vTaskSwitchContext               
0000322b  vTimerSetTimerID                 
000058d1  wcslen                           
00004261  xPortGetFreeHeapSize             
00004bdd  xPortPendSVHandler               
0000455f  xPortStartScheduler              
2000cdf0  xPortSysTickCount                
000045cd  xPortSysTickHandler              
00002579  xQueueCreateCountingSemaphore    
0000247d  xQueueCreateMutex                
0000240d  xQueueGenericCreate              
000027a9  xQueueGenericReceive             
00002381  xQueueGenericReset               
00002599  xQueueGenericSend                
0000269d  xQueueGenericSendFromISR         
00002729  xQueueGiveFromISR                
000024f3  xQueueGiveMutexRecursive         
00002bf1  xQueueIsQueueEmptyFromISR        
00002c33  xQueueIsQueueFullFromISR         
00002977  xQueuePeekFromISR                
000028f1  xQueueReceiveFromISR             
2000c4b4  xQueueRegistry                   
0000252f  xQueueTakeMutexRecursive         
00000e25  xTaskCheckForTimeOut             
00000201  xTaskGenericCreate               
0000163f  xTaskGenericNotify               
00001721  xTaskGenericNotifyFromISR        
000012a7  xTaskGetCurrentTaskHandle        
000012c1  xTaskGetSchedulerState           
0000097d  xTaskGetTickCount                
0000098d  xTaskGetTickCountFromISR         
00000a81  xTaskIncrementTick               
000018cf  xTaskNotifyStateClear            
00001555  xTaskNotifyWait                  
000013af  xTaskPriorityDisinherit          
00000d15  xTaskRemoveFromEventList         
00000d99  xTaskRemoveFromUnorderedEventList
000008bd  xTaskResumeAll                   
00000795  xTaskResumeFromISR               
00002d67  xTimerCreate                     
00002d2d  xTimerCreateTimerTask            
00002dbb  xTimerGenericCommand             
000031e5  xTimerIsTimerActive              


GLOBAL SYMBOLS: SORTED BY Symbol Address 

address   name                             
-------   ----                             
00000000  __TI_static_base__               
00000000  g_pfnVectors                     
00000201  xTaskGenericCreate               
00000309  vTaskDelete                      
000003a5  vTaskDelayUntil                  
0000044d  vTaskDelay                       
000004a9  uxTaskPriorityGet                
000004d5  uxTaskPriorityGetFromISR         
0000052d  vTaskPrioritySet                 
00000631  vTaskSuspend                     
00000725  vTaskResume                      
00000795  xTaskResumeFromISR               
00000800  __STACK_SIZE                     
00000821  vTaskStartScheduler              
00000889  vTaskEndScheduler                
000008a5  vTaskSuspendAll                  
000008bd  xTaskResumeAll                   
0000097d  xTaskGetTickCount                
0000098d  xTaskGetTickCountFromISR         
000009a1  uxTaskGetNumberOfTasks           
000009b1  uxTaskGetSystemState             
00000a81  xTaskIncrementTick               
00000b61  vTaskSwitchContext               
00000bd9  vTaskPlaceOnEventList            
00000c35  vTaskPlaceOnUnorderedEventList   
00000cad  vTaskPlaceOnEventListRestricted  
00000d15  xTaskRemoveFromEventList         
00000d99  xTaskRemoveFromUnorderedEventList
00000e07  vTaskSetTimeOutState             
00000e25  xTaskCheckForTimeOut             
00000e9f  vTaskMissedYield                 
00000ead  uxTaskGetTaskNumber              
00000ed1  vTaskSetTaskNumber               
000012a7  xTaskGetCurrentTaskHandle        
000012c1  xTaskGetSchedulerState           
000012f5  vTaskPriorityInherit             
000013af  xTaskPriorityDisinherit          
0000144d  uxTaskResetEventItemValue        
0000146f  pvTaskIncrementMutexHeldCount    
00001487  ulTaskNotifyTake                 
00001555  xTaskNotifyWait                  
0000163f  xTaskGenericNotify               
00001721  xTaskGenericNotifyFromISR        
00001829  vTaskNotifyGiveFromISR           
000018cf  xTaskNotifyStateClear            
00001921  __TI_printfi                     
0000237f  Float_to_Int32                   
00002381  xQueueGenericReset               
0000240d  xQueueGenericCreate              
0000247d  xQueueCreateMutex                
000024f3  xQueueGiveMutexRecursive         
0000252f  xQueueTakeMutexRecursive         
00002579  xQueueCreateCountingSemaphore    
00002599  xQueueGenericSend                
0000269d  xQueueGenericSendFromISR         
00002729  xQueueGiveFromISR                
000027a9  xQueueGenericReceive             
000028f1  xQueueReceiveFromISR             
00002977  xQueuePeekFromISR                
000029c9  uxQueueMessagesWaiting           
000029df  uxQueueSpacesAvailable           
000029ff  uxQueueMessagesWaitingFromISR    
00002a11  vQueueDelete                     
00002a27  uxQueueGetQueueNumber            
00002a35  vQueueSetQueueNumber             
00002a47  ucQueueGetQueueType              
00002bf1  xQueueIsQueueEmptyFromISR        
00002c33  xQueueIsQueueFullFromISR         
00002c55  vQueueAddToRegistry              
00002c97  vQueueUnregisterQueue            
00002cd1  vQueueWaitForMessageRestricted   
00002d2d  xTimerCreateTimerTask            
00002d67  xTimerCreate                     
00002dbb  xTimerGenericCommand             
00002e27  pcTimerGetTimerName              
000031e5  xTimerIsTimerActive              
00003211  pvTimerGetTimerID                
0000322b  vTimerSetTimerID                 
00003261  UARTStdioConfig                  
000032a7  UARTwrite                        
000032ed  UARTgets                         
000033a7  UARTgetc                         
000033cd  UARTvprintf                      
000036c7  UARTprintf                       
0000396d  SysCtlClockFreqSet               
00003b71  ReportData_SetOutputFormat       
00003b85  Task_ReportData                  
00003f2d  __aeabi_dsub                     
00003f37  __aeabi_dadd                     
000040e3  __aeabi_idiv0                    
000040e3  __aeabi_ldiv0                    
000040e5  pvPortMalloc                     
00004203  vPortFree                        
00004261  xPortGetFreeHeapSize             
00004267  vPortInitialiseBlocks            
000043c1  __aeabi_ddiv                     
000044f9  pxPortInitialiseStack            
0000455f  xPortStartScheduler              
00004595  vPortEndScheduler                
00004597  vPortEnterCritical               
000045b7  vPortExitCritical                
000045cd  xPortSysTickHandler              
000045fb  vPortSetupTimerInterrupt         
0000462d  GPIOPadConfigSet                 
0000475f  vListInitialise                  
0000478f  vListInitialiseItem              
0000479f  vListInsertEnd                   
000047db  vListInsert                      
00004841  uxListRemove                     
000049a9  ldexp                            
000049a9  ldexpl                           
000049a9  scalbn                           
000049a9  scalbnl                          
00004ab9  __aeabi_dmul                     
00004bc5  ulPortGetIPSR                    
00004bdd  xPortPendSVHandler               
00004c3d  vPortSVCHandler                  
00004c5d  vPortStartFirstTask              
00004c79  vPortEnableVFP                   
00004c89  main                             
00004def  __aeabi_memcpy                   
00004def  __aeabi_memcpy4                  
00004def  __aeabi_memcpy8                  
00004def  memcpy                           
00004e8b  __aeabi_uldivmod                 
00004f21  __aeabi_cdcmpeq                  
00004f21  __aeabi_cdcmple                  
00004fa7  __aeabi_cdrcmple                 
0000502d  __aeabi_memclr                   
0000502d  __aeabi_memclr4                  
0000502d  __aeabi_memclr8                  
0000502f  __aeabi_memset                   
0000502f  __aeabi_memset4                  
0000502f  __aeabi_memset8                  
00005035  memset                           
000050a9  Task_ReportTime                  
00005187  __TI_decompress_lzss             
000051f1  UARTStdio_Initialization         
00005255  frexp                            
00005255  frexpl                           
0000530f  ltoa                             
000053b5  Task_Blink_LED_PortN_1           
00005405  atoi                             
00005451  GPIOPinConfigure                 
000054e1  __aeabi_d2iz                     
00005529  UARTConfigSetExpClk              
00005571  __TI_auto_init_nobinit_nopinit   
000055b5  __aeabi_uidiv                    
000055b5  __aeabi_uidivmod                 
000055f5  sprintf                          
00005675  Processor_Initialization         
000056ad  SysCtlPeripheralPresent          
000056e5  _c_int00_noargs                  
0000571d  __aeabi_f2d                      
00005755  SysCtlPeripheralEnable           
00005789  __aeabi_i2d                      
000057b7  GPIODirModeSet                   
000057e1  UARTDisable                      
00005821  memccpy                          
0000583d  GPIOPinTypeGPIOOutput            
0000586d  strchr                           
00005883  UARTEnable                       
00005897  copysign                         
00005897  copysignl                        
000058ab  strlen                           
000058bf  GPIOPinTypeUART                  
000058d1  wcslen                           
000058e3  __TI_decompress_none             
000058f1  ResetISR                         
000058fd  __TI_zero_init                   
00005909  UARTCharGet                      
00005913  UARTCharPut                      
00005929  __aeabi_errno_addr               
00005931  GPIOPinRead                      
00005937  GPIOPinWrite                     
0000593d  UARTClockSourceSet               
00005943  _system_pre_init                 
00005947  C$$EXIT                          
00005947  abort                            
00005a6c  _ctypes_                         
00005cd0  ulMaxSyscallInterruptPriority    
00005cf0  __TI_Handler_Table_Base          
00005cfc  __TI_Handler_Table_Limit         
00005d08  __TI_CINIT_Base                  
00005d18  __TI_CINIT_Limit                 
2000c4b4  xQueueRegistry                   
2000c5a0  __stack                          
2000c7a0  __STACK_TOP                      
2000cda0  __STACK_END                      
2000cda0  pxCurrentTCB                     
2000cdd0  g_ulSystemClock                  
2000cdd4  ProcessorInitFlag                
2000cdd8  FPUInitFlag                      
2000cddc  UARTStdioInitFlag                
2000cde0  theSystemClockFrequency          
2000cdf0  xPortSysTickCount                
2000cdfc  ReportData_Queue                 
2000ce00  ReportData_CurrentFormat         
2000ce0c  errno                            
ffffffff  __TI_pprof_out_hndl              
ffffffff  __TI_prof_data_size              
ffffffff  __TI_prof_data_start             
ffffffff  __binit__                        
ffffffff  __c_args__                       
ffffffff  binit                            
UNDEFED   __mpu_init                       
UNDEFED   _system_post_cinit               

[207 symbols]
